ARM Linker, 5.03 [Build 76] [MDK-ARM Standard]

==============================================================================

Section Cross References

    app.o(i.StartModeSel) refers to memory.o(i.MEMORY_tRead) for MEMORY_tRead
    app.o(i.StartModeSel) refers to cdc_vcom.o(i.vcom_write) for vcom_write
    app.o(i.StartModeSel) refers to measure.o(i.Measure_vLoadData) for Measure_vLoadData
    app.o(i.StartModeSel) refers to pwrctrl.o(i.Pwrctrl_vReadColorSeqFromEE) for Pwrctrl_vReadColorSeqFromEE
    app.o(i.StartModeSel) refers to app.o(.data) for modeCtl
    app.o(i.USB_getCmd) refers to cdc_vcom.o(i.vcom_bread) for vcom_bread
    app.o(i.USB_getCmd) refers to instruction.o(i.Instruction_vGetCmd) for Instruction_vGetCmd
    app.o(i.USB_getCmd) refers to cdc_vcom.o(i.vcom_write) for vcom_write
    app.o(i.USB_getCmd) refers to cdc_vcom.o(.bss) for g_vCOM
    app.o(i.USB_getCmd) refers to app.o(.bss) for usb_buff
    app.o(i.USB_getCmd) refers to app.o(.data) for dataPieceCnt
    app.o(i.main) refers to io.o(i.IO_bInit) for IO_bInit
    app.o(i.main) refers to cdc_vcom.o(i.usb_init) for usb_init
    app.o(i.main) refers to timer.o(i.TIMER_vInit) for TIMER_vInit
    app.o(i.main) refers to pwrctrl.o(i.PWRCTRL_vInit) for PWRCTRL_vInit
    app.o(i.main) refers to io.o(i.IO_SWM_vMovablePinAssignZ) for IO_SWM_vMovablePinAssignZ
    app.o(i.main) refers to ssi.o(i.SPI_vInit) for SPI_vInit
    app.o(i.main) refers to ssi.o(i.SPI_vStart) for SPI_vStart
    app.o(i.main) refers to measure.o(i.Measure_ubLoadAutoPlay) for Measure_ubLoadAutoPlay
    app.o(i.main) refers to app.o(i.StartModeSel) for StartModeSel
    app.o(i.main) refers to app.o(i.USB_getCmd) for USB_getCmd
    app.o(i.main) refers to package.o(i.Package_vSendMessageInASubframe) for Package_vSendMessageInASubframe
    app.o(i.main) refers to package.o(i.Package_vTransParent) for Package_vTransParent
    app.o(i.main) refers to package.o(.data) for transParentFlag
    sysinit.o(i.SystemInit) refers to system.o(i.SYSTEM_vInit) for SYSTEM_vInit
    sysinit.o(i.SystemInit) refers to memory.o(i.MEMORY_tInit) for MEMORY_tInit
    sysinit.o(i.SystemInit) refers to interrupt.o(i.INTERRUPT_vInit) for INTERRUPT_vInit
    keil_startup_lpc15xx.o(STACK) refers (Special) to heapauxi.o(.text) for __use_two_region_memory
    keil_startup_lpc15xx.o(HEAP) refers (Special) to heapauxi.o(.text) for __use_two_region_memory
    keil_startup_lpc15xx.o(RESET) refers (Special) to heapauxi.o(.text) for __use_two_region_memory
    keil_startup_lpc15xx.o(RESET) refers to keil_startup_lpc15xx.o(STACK) for __initial_sp
    keil_startup_lpc15xx.o(RESET) refers to keil_startup_lpc15xx.o(.text) for Reset_Handler
    keil_startup_lpc15xx.o(RESET) refers to interrupt.o(i.NMI_Handler) for NMI_Handler
    keil_startup_lpc15xx.o(RESET) refers to interrupt.o(i.HardFault_Handler) for HardFault_Handler
    keil_startup_lpc15xx.o(RESET) refers to interrupt.o(i.SVC_Handler) for SVC_Handler
    keil_startup_lpc15xx.o(RESET) refers to interrupt.o(i.PendSV_Handler) for PendSV_Handler
    keil_startup_lpc15xx.o(RESET) refers to interrupt.o(i.SysTick_Handler) for SysTick_Handler
    keil_startup_lpc15xx.o(RESET) refers to interrupt.o(i.WDT_IRQHandler) for WDT_IRQHandler
    keil_startup_lpc15xx.o(RESET) refers to interrupt.o(i.BOD_IRQHandler) for BOD_IRQHandler
    keil_startup_lpc15xx.o(RESET) refers to interrupt.o(i.FMC_IRQHandler) for FMC_IRQHandler
    keil_startup_lpc15xx.o(RESET) refers to interrupt.o(i.EEPROM_IRQHandler) for EEPROM_IRQHandler
    keil_startup_lpc15xx.o(RESET) refers to interrupt.o(i.DMA_IRQHandler) for DMA_IRQHandler
    keil_startup_lpc15xx.o(RESET) refers to interrupt.o(i.GINT0_IRQHandler) for GINT0_IRQHandler
    keil_startup_lpc15xx.o(RESET) refers to interrupt.o(i.GINT1_IRQHandler) for GINT1_IRQHandler
    keil_startup_lpc15xx.o(RESET) refers to interrupt.o(i.PIN_INT0_IRQHandler) for PIN_INT0_IRQHandler
    keil_startup_lpc15xx.o(RESET) refers to interrupt.o(i.PIN_INT1_IRQHandler) for PIN_INT1_IRQHandler
    keil_startup_lpc15xx.o(RESET) refers to interrupt.o(i.PIN_INT2_IRQHandler) for PIN_INT2_IRQHandler
    keil_startup_lpc15xx.o(RESET) refers to interrupt.o(i.PIN_INT3_IRQHandler) for PIN_INT3_IRQHandler
    keil_startup_lpc15xx.o(RESET) refers to interrupt.o(i.PIN_INT4_IRQHandler) for PIN_INT4_IRQHandler
    keil_startup_lpc15xx.o(RESET) refers to interrupt.o(i.PIN_INT5_IRQHandler) for PIN_INT5_IRQHandler
    keil_startup_lpc15xx.o(RESET) refers to interrupt.o(i.PIN_INT6_IRQHandler) for PIN_INT6_IRQHandler
    keil_startup_lpc15xx.o(RESET) refers to interrupt.o(i.PIN_INT7_IRQHandler) for PIN_INT7_IRQHandler
    keil_startup_lpc15xx.o(RESET) refers to interrupt.o(i.RIT_IRQHandler) for RIT_IRQHandler
    keil_startup_lpc15xx.o(RESET) refers to interrupt.o(i.SCT0_IRQHandler) for SCT0_IRQHandler
    keil_startup_lpc15xx.o(RESET) refers to interrupt.o(i.SCT1_IRQHandler) for SCT1_IRQHandler
[...]
    i.IO_SWM_vMovablePinAssign               0x00000c68   Section        0  io.o(i.IO_SWM_vMovablePinAssign)
    IO_SWM_vMovablePinAssign                 0x00000c69   Thumb Code    50  io.o(i.IO_SWM_vMovablePinAssign)
    i.IO_SWM_vMovablePinAssignZ              0x00000ca0   Section        0  io.o(i.IO_SWM_vMovablePinAssignZ)
    i.IO_bInit                               0x00000cb0   Section        0  io.o(i.IO_bInit)
    i.Instruction_vGetCmd                    0x00000f30   Section        0  instruction.o(i.Instruction_vGetCmd)
    i.MEMORY_tFlashWrite                     0x000015ac   Section        0  memory.o(i.MEMORY_tFlashWrite)
    i.MEMORY_tInit                           0x000016a0   Section        0  memory.o(i.MEMORY_tInit)
    i.MEMORY_tRead                           0x000016d0   Section        0  memory.o(i.MEMORY_tRead)
    i.MEMORY_tRemapStatus                    0x000017d8   Section        0  memory.o(i.MEMORY_tRemapStatus)
    i.MEMORY_tWrite                          0x00001824   Section        0  memory.o(i.MEMORY_tWrite)
    i.MRT_IRQHandler                         0x00001908   Section        0  interrupt.o(i.MRT_IRQHandler)
    i.MRT_vISR                               0x00001910   Section        0  timer.o(i.MRT_vISR)
    i.MRT_vISRz                              0x00001944   Section        0  package.o(i.MRT_vISRz)
    i.Measure_iLoadDLPpat1                   0x00001a14   Section        0  measure.o(i.Measure_iLoadDLPpat1)
    i.Measure_iLoadDLPpat2                   0x00001ac4   Section        0  measure.o(i.Measure_iLoadDLPpat2)
    i.Measure_iLoadDLPpat3                   0x00001b70   Section        0  measure.o(i.Measure_iLoadDLPpat3)
    i.Measure_iLoadKengtime                  0x00001c1c   Section        0  measure.o(i.Measure_iLoadKengtime)
    i.Measure_iLoadSubframe                  0x00001cb8   Section        0  measure.o(i.Measure_iLoadSubframe)
    i.Measure_iSetAutoPlay                   0x00001d70   Section        0  measure.o(i.Measure_iSetAutoPlay)
    i.Measure_iStoreDLPpat1                  0x00001dbc   Section        0  measure.o(i.Measure_iStoreDLPpat1)
    i.Measure_iStoreDLPpat1FullIns           0x00001e38   Section        0  measure.o(i.Measure_iStoreDLPpat1FullIns)
    i.Measure_iStoreDLPpat2                  0x00001ed8   Section        0  measure.o(i.Measure_iStoreDLPpat2)
    i.Measure_iStoreDLPpat2FullIns           0x00001f54   Section        0  measure.o(i.Measure_iStoreDLPpat2FullIns)
    i.Measure_iStoreDLPpat3                  0x00001ff4   Section        0  measure.o(i.Measure_iStoreDLPpat3)
    i.Measure_iStoreDLPpat3FullIns           0x00002070   Section        0  measure.o(i.Measure_iStoreDLPpat3FullIns)
    i.Measure_iStoreKengtime                 0x00002110   Section        0  measure.o(i.Measure_iStoreKengtime)
    i.Measure_iStoreKengtimeFullIns          0x0000218c   Section        0  measure.o(i.Measure_iStoreKengtimeFullIns)
    i.Measure_iStoreSubframe                 0x000021f8   Section        0  measure.o(i.Measure_iStoreSubframe)
    i.Measure_iStoreSubframeFullIns          0x00002290   Section        0  measure.o(i.Measure_iStoreSubframeFullIns)
    i.Measure_ubLoadAutoPlay                 0x00002314   Section        0  measure.o(i.Measure_ubLoadAutoPlay)
    i.Measure_vGetBluePacketEESetting        0x00002338   Section        0  measure.o(i.Measure_vGetBluePacketEESetting)
    i.Measure_vGetGapEESetting               0x00002370   Section        0  measure.o(i.Measure_vGetGapEESetting)
    i.Measure_vGetGreenPacketEESetting       0x000023a0   Section        0  measure.o(i.Measure_vGetGreenPacketEESetting)
    i.Measure_vGetRedPacketEESetting         0x000023d8   Section        0  measure.o(i.Measure_vGetRedPacketEESetting)
    i.Measure_vGetSubframeEESetting          0x00002410   Section        0  measure.o(i.Measure_vGetSubframeEESetting)
    i.Measure_vLoadData                      0x00002440   Section        0  measure.o(i.Measure_vLoadData)
    i.Measure_vModeCtl                       0x00002524   Section        0  measure.o(i.Measure_vModeCtl)
    i.Measure_vSetBluePktEESetting           0x00002550   Section        0  measure.o(i.Measure_vSetBluePktEESetting)
    i.Measure_vSetGapEESetting               0x00002584   Section        0  measure.o(i.Measure_vSetGapEESetting)
    i.Measure_vSetGreenPktEESetting          0x000025ac   Section        0  measure.o(i.Measure_vSetGreenPktEESetting)
    i.Measure_vSetRedPktEESetting            0x000025e0   Section        0  measure.o(i.Measure_vSetRedPktEESetting)
    i.Measure_vSetSubframeEESetting          0x00002614   Section        0  measure.o(i.Measure_vSetSubframeEESetting)
    i.Measure_vStoreData                     0x0000263c   Section        0  measure.o(i.Measure_vStoreData)
    i.NMI_Handler                            0x00002744   Section        0  interrupt.o(i.NMI_Handler)
    i.NVIC_DisableIRQ                        0x00002748   Section        0  pwrctrl.o(i.NVIC_DisableIRQ)
    NVIC_DisableIRQ                          0x00002749   Thumb Code    18  pwrctrl.o(i.NVIC_DisableIRQ)
    i.NVIC_DisableIRQ                        0x00002760   Section        0  cdc_vcom.o(i.NVIC_DisableIRQ)
    NVIC_DisableIRQ                          0x00002761   Thumb Code    18  cdc_vcom.o(i.NVIC_DisableIRQ)
    i.NVIC_EnableIRQ                         0x00002778   Section        0  cdc_vcom.o(i.NVIC_EnableIRQ)
    NVIC_EnableIRQ                           0x00002779   Thumb Code    24  cdc_vcom.o(i.NVIC_EnableIRQ)
    i.NVIC_EncodePriority                    0x00002790   Section        0  interrupt.o(i.NVIC_EncodePriority)
    NVIC_EncodePriority                      0x00002791   Thumb Code    64  interrupt.o(i.NVIC_EncodePriority)
    i.NVIC_SetPriority                       0x000027d0   Section        0  interrupt.o(i.NVIC_SetPriority)
    NVIC_SetPriority                         0x000027d1   Thumb Code    32  interrupt.o(i.NVIC_SetPriority)
    i.PININT0_vISR                           0x000027f8   Section        0  extint.o(i.PININT0_vISR)
    i.PININT1_vISR                           0x00002818   Section        0  extint.o(i.PININT1_vISR)
    i.PININT2_vISR                           0x00002838   Section        0  extint.o(i.PININT2_vISR)
    i.PININT3_vISR                           0x00002858   Section        0  extint.o(i.PININT3_vISR)
    i.PININT4_vISR                           0x00002878   Section        0  extint.o(i.PININT4_vISR)
    i.PIN_INT0_IRQHandler                    0x0000287a   Section        0  interrupt.o(i.PIN_INT0_IRQHandler)
    i.PIN_INT1_IRQHandler                    0x00002882   Section        0  interrupt.o(i.PIN_INT1_IRQHandler)
    i.PIN_INT2_IRQHandler                    0x0000288a   Section        0  interrupt.o(i.PIN_INT2_IRQHandler)
    i.PIN_INT3_IRQHandler                    0x00002892   Section        0  interrupt.o(i.PIN_INT3_IRQHandler)
    i.PIN_INT4_IRQHandler                    0x0000289a   Section        0  interrupt.o(i.PIN_INT4_IRQHandler)
    i.PIN_INT5_IRQHandler                    0x000028a2   Section        0  interrupt.o(i.PIN_INT5_IRQHandler)
    i.PIN_INT6_IRQHandler                    0x000028a4   Section        0  interrupt.o(i.PIN_INT6_IRQHandler)
    i.PIN_INT7_IRQHandler                    0x000028a6   Section        0  interrupt.o(i.PIN_INT7_IRQHandler)
    i.PWRCTRL_vGetColorSEQ                   0x000028a8   Section        0  pwrctrl.o(i.PWRCTRL_vGetColorSEQ)
    i.PWRCTRL_vInit                          0x00002974   Section        0  pwrctrl.o(i.PWRCTRL_vInit)
    i.Package_vGetPacketParas                0x00002a08   Section        0  package.o(i.Package_vGetPacketParas)
    i.Package_vSendMessageInASubframe        0x00002a84   Section        0  package.o(i.Package_vSendMessageInASubframe)
    i.Package_vTransParent                   0x00002ae8   Section        0  package.o(i.Package_vTransParent)
    i.Packet_vSendPacket                     0x00002c3c   Section        0  package.o(i.Packet_vSendPacket)
    i.Packet_vSendPacket2                    0x00002d14   Section        0  package.o(i.Packet_vSendPacket2)
    i.Packet_vSendPacket3                    0x00002dec   Section        0  package.o(i.Packet_vSendPacket3)
    i.Packet_vSetGapTime                     0x00002ec4   Section        0  package.o(i.Packet_vSetGapTime)
    i.Packet_vSetPartPacket                  0x00002f28   Section        0  package.o(i.Packet_vSetPartPacket)
    i.Packet_vSetWholePacket                 0x00002fdc   Section        0  package.o(i.Packet_vSetWholePacket)
    i.PendSV_Handler                         0x00003054   Section        0  interrupt.o(i.PendSV_Handler)
    i.Pwrctrl_vGerKengTime                   0x00003058   Section        0  pwrctrl.o(i.Pwrctrl_vGerKengTime)
    i.Pwrctrl_vGetSubframePeriod             0x0000308c   Section        0  pwrctrl.o(i.Pwrctrl_vGetSubframePeriod)
    i.Pwrctrl_vReadColorSeqFromEE            0x000030cc   Section        0  pwrctrl.o(i.Pwrctrl_vReadColorSeqFromEE)
    i.Pwrctrl_vSetKengTime                   0x000032ac   Section        0  pwrctrl.o(i.Pwrctrl_vSetKengTime)
    i.Pwrctrl_vSetSubframePeriod             0x000032c8   Section        0  pwrctrl.o(i.Pwrctrl_vSetSubframePeriod)
    i.Pwrctrl_vStoreColorSeqToEE             0x000032f0   Section        0  pwrctrl.o(i.Pwrctrl_vStoreColorSeqToEE)
    i.QEI_IRQHandler                         0x000034c8   Section        0  interrupt.o(i.QEI_IRQHandler)
    i.RIT_IRQHandler                         0x000034ca   Section        0  interrupt.o(i.RIT_IRQHandler)
    i.RIT_vISR                               0x000034d2   Section        0  timer.o(i.RIT_vISR)
    i.RTC_ALARM_IRQHandler                   0x000034d4   Section        0  interrupt.o(i.RTC_ALARM_IRQHandler)
    i.RTC_WAKE_IRQHandler                    0x000034d6   Section        0  interrupt.o(i.RTC_WAKE_IRQHandler)
    i.SCT0_IRQHandler                        0x000034d8   Section        0  interrupt.o(i.SCT0_IRQHandler)
    i.SCT0_Init                              0x000034e0   Section        0  pwrctrl.o(i.SCT0_Init)
    SCT0_Init                                0x000034e1   Thumb Code   480  pwrctrl.o(i.SCT0_Init)
    i.SCT0_vISR                              0x0000372c   Section        0  sct.o(i.SCT0_vISR)
    i.SCT0_vStart                            0x00003730   Section        0  pwrctrl.o(i.SCT0_vStart)
    i.SCT1_IRQHandler                        0x0000385c   Section        0  interrupt.o(i.SCT1_IRQHandler)
    i.SCT1_IRQHandlerzz                      0x00003864   Section        0  pwrctrl.o(i.SCT1_IRQHandlerzz)
    i.SCT1_Init                              0x00003bac   Section        0  pwrctrl.o(i.SCT1_Init)
    SCT1_Init                                0x00003bad   Thumb Code   362  pwrctrl.o(i.SCT1_Init)
    i.SCT1_vStart                            0x00003d38   Section        0  pwrctrl.o(i.SCT1_vStart)
    i.SCT2_IRQHandler                        0x00003d90   Section        0  interrupt.o(i.SCT2_IRQHandler)
    i.SCT3_IRQHandler                        0x00003d92   Section        0  interrupt.o(i.SCT3_IRQHandler)
    i.SCT_vInit                              0x00003d94   Section        0  sct.o(i.SCT_vInit)
    i.SPI0_IRQHandler                        0x00003dc8   Section        0  interrupt.o(i.SPI0_IRQHandler)
    i.SPI0_vISR                              0x00003dd0   Section        0  ssi.o(i.SPI0_vISR)
    i.SPI1_IRQHandler                        0x00003df4   Section        0  interrupt.o(i.SPI1_IRQHandler)
    i.SPI1_vISR                              0x00003dfc   Section        0  ssi.o(i.SPI1_vISR)
    i.SPI_bGetStatus                         0x00003e00   Section        0  package.o(i.SPI_bGetStatus)
    SPI_bGetStatus                           0x00003e01   Thumb Code    22  package.o(i.SPI_bGetStatus)
    i.SPI_nGetStatus                         0x00003e1c   Section        0  ssi.o(i.SPI_nGetStatus)
    SPI_nGetStatus                           0x00003e1d   Thumb Code    12  ssi.o(i.SPI_nGetStatus)
    i.SPI_nReceiveData                       0x00003e2c   Section        0  package.o(i.SPI_nReceiveData)
    SPI_nReceiveData                         0x00003e2d   Thumb Code    14  package.o(i.SPI_nReceiveData)
    i.SPI_vConfig                            0x00003e40   Section        0  ssi.o(i.SPI_vConfig)
    i.SPI_vDisable                           0x00003ee0   Section        0  ssi.o(i.SPI_vDisable)
    SPI_vDisable                             0x00003ee1   Thumb Code    22  ssi.o(i.SPI_vDisable)
    i.SPI_vInit                              0x00003efc   Section        0  ssi.o(i.SPI_vInit)
    i.SPI_vSendDataBlocking                  0x00003f98   Section        0  ssi.o(i.SPI_vSendDataBlocking)
    i.SPI_vSendFrame                         0x00003fe8   Section        0  ssi.o(i.SPI_vSendFrame)
    SPI_vSendFrame                           0x00003fe9   Thumb Code    34  ssi.o(i.SPI_vSendFrame)
    i.SPI_vStart                             0x00004010   Section        0  ssi.o(i.SPI_vStart)
    i.SPIdriverInterfaceRst                  0x0000404c   Section        0  package.o(i.SPIdriverInterfaceRst)
    i.SVC_Handler                            0x00004090   Section        0  interrupt.o(i.SVC_Handler)
    i.SYSCTL_vPeriphReset                    0x00004094   Section        0  system.o(i.SYSCTL_vPeriphReset)
    i.SYSCTL_vPowerUp                        0x00004134   Section        0  cdc_vcom.o(i.SYSCTL_vPowerUp)
    SYSCTL_vPowerUp                          0x00004135   Thumb Code    22  cdc_vcom.o(i.SYSCTL_vPowerUp)
    i.SYSCTL_vPowerUp                        0x00004158   Section        0  system.o(i.SYSCTL_vPowerUp)
    SYSCTL_vPowerUp                          0x00004159   Thumb Code    22  system.o(i.SYSCTL_vPowerUp)
    i.SYSTEM_vInit                           0x0000417c   Section        0  system.o(i.SYSTEM_vInit)
    i.SYSTICK_vISR                           0x000041a8   Section        0  timer.o(i.SYSTICK_vISR)
    i.StartModeSel                           0x000041d4   Section        0  app.o(i.StartModeSel)
    i.SysTick_Handler                        0x0000423c   Section        0  interrupt.o(i.SysTick_Handler)
    i.SystemInit                             0x00004244   Section        0  sysinit.o(i.SystemInit)
    i.TIMER_MRT_vClearChIntStatus            0x00004254   Section        0  timer.o(i.TIMER_MRT_vClearChIntStatus)
    TIMER_MRT_vClearChIntStatus              0x00004255   Thumb Code    12  timer.o(i.TIMER_MRT_vClearChIntStatus)
    i.TIMER_MRT_vInit                        0x00004264   Section        0  timer.o(i.TIMER_MRT_vInit)
    TIMER_MRT_vInit                          0x00004265   Thumb Code   164  timer.o(i.TIMER_MRT_vInit)
    i.TIMER_MRT_vIntDisable                  0x00004310   Section        0  timer.o(i.TIMER_MRT_vIntDisable)
    TIMER_MRT_vIntDisable                    0x00004311   Thumb Code    26  timer.o(i.TIMER_MRT_vIntDisable)
    i.TIMER_MRT_vSetInterval                 0x00004330   Section        0  timer.o(i.TIMER_MRT_vSetInterval)
    TIMER_MRT_vSetInterval                   0x00004331   Thumb Code    30  timer.o(i.TIMER_MRT_vSetInterval)
    i.TIMER_MRT_vStart                       0x00004354   Section        0  timer.o(i.TIMER_MRT_vStart)
    TIMER_MRT_vStart                         0x00004355   Thumb Code    58  timer.o(i.TIMER_MRT_vStart)
    i.TIMER_vInit                            0x00004394   Section        0  timer.o(i.TIMER_vInit)
    i.TIMER_vStartEx                         0x000043f0   Section        0  timer.o(i.TIMER_vStartEx)
    i.TIMER_vStop                            0x00004424   Section        0  timer.o(i.TIMER_vStop)
    i.UART0_IRQHandler                       0x00004444   Section        0  interrupt.o(i.UART0_IRQHandler)
    i.UART1_IRQHandler                       0x00004446   Section        0  interrupt.o(i.UART1_IRQHandler)
    i.UART2_IRQHandler                       0x00004448   Section        0  interrupt.o(i.UART2_IRQHandler)
    i.USBWakeup_IRQHandler                   0x0000444a   Section        0  interrupt.o(i.USBWakeup_IRQHandler)
    i.USB_FIQHandler                         0x0000444c   Section        0  interrupt.o(i.USB_FIQHandler)
    i.USB_IRQHandler                         0x0000444e   Section        0  interrupt.o(i.USB_IRQHandler)
    i.USB_IRQHandlerzz                       0x00004458   Section        0  cdc_vcom.o(i.USB_IRQHandlerzz)
    i.USB_getCmd                             0x00004474   Section        0  app.o(i.USB_getCmd)
    i.VCOM_SetLineCode                       0x00004580   Section        0  cdc_vcom.o(i.VCOM_SetLineCode)
    VCOM_SetLineCode                         0x00004581   Thumb Code    16  cdc_vcom.o(i.VCOM_SetLineCode)
    i.VCOM_bulk_in_hdlr                      0x00004594   Section        0  cdc_vcom.o(i.VCOM_bulk_in_hdlr)
    VCOM_bulk_in_hdlr                        0x00004595   Thumb Code    22  cdc_vcom.o(i.VCOM_bulk_in_hdlr)
    i.VCOM_bulk_out_hdlr                     0x000045ac   Section        0  cdc_vcom.o(i.VCOM_bulk_out_hdlr)
    VCOM_bulk_out_hdlr                       0x000045ad   Thumb Code   146  cdc_vcom.o(i.VCOM_bulk_out_hdlr)
    i.WATCHDOG_WRN_vISR                      0x00004644   Section        0  watchdog.o(i.WATCHDOG_WRN_vISR)
    i.WATCHDOG_bGetOption                    0x00004678   Section        0  watchdog.o(i.WATCHDOG_bGetOption)
    WATCHDOG_bGetOption                      0x00004679   Thumb Code    22  watchdog.o(i.WATCHDOG_bGetOption)
    i.WATCHDOG_vClearOption                  0x00004694   Section        0  watchdog.o(i.WATCHDOG_vClearOption)
    WATCHDOG_vClearOption                    0x00004695   Thumb Code    16  watchdog.o(i.WATCHDOG_vClearOption)
    i.WATCHDOG_vClearStatus                  0x000046a8   Section        0  watchdog.o(i.WATCHDOG_vClearStatus)
    WATCHDOG_vClearStatus                    0x000046a9   Thumb Code    30  watchdog.o(i.WATCHDOG_vClearStatus)
    i.WDT_IRQHandler                         0x000046c6   Section        0  interrupt.o(i.WDT_IRQHandler)
    i.find_IntfDesc                          0x000046ce   Section        0  cdc_vcom.o(i.find_IntfDesc)
    i.main                                   0x00004700   Section        0  app.o(i.main)
    i.usb_init                               0x000047dc   Section        0  cdc_vcom.o(i.usb_init)
    i.vcom_bread                             0x0000487c   Section        0  cdc_vcom.o(i.vcom_bread)
    i.vcom_init                              0x000048d8   Section        0  cdc_vcom.o(i.vcom_init)
    i.vcom_write                             0x00004998   Section        0  cdc_vcom.o(i.vcom_write)
    .constdata                               0x000049fc   Section       34  measure.o(.constdata)
    aubNibbleLow                             0x000049fe   Data          16  measure.o(.constdata)
    aubNibbleHigh                            0x00004a0e   Data          16  measure.o(.constdata)
    .constdata                               0x00004a20   Section       76  cdc_desc.o(.constdata)
    .constdata                               0x00004a6c   Section        8  package.o(.constdata)
    SPI_PTR                                  0x00004a6c   Data           8  package.o(.constdata)
    .constdata                               0x00004a74   Section      495  io.o(.constdata)
    .constdata                               0x00004c64   Section        8  ssi.o(.constdata)
    SPI_PTR                                  0x00004c64   Data           8  ssi.o(.constdata)
    .data                                    0x02000000   Section       28  app.o(.data)
    .data                                    0x0200001c   Section       72  pwrctrl.o(.data)
    i_color                                  0x02000048   Data           1  pwrctrl.o(.data)
    i_color_r                                0x02000049   Data           1  pwrctrl.o(.data)
    i_color_l                                0x0200004a   Data           1  pwrctrl.o(.data)
    SCT0_R_up                                0x0200004c   Data           2  pwrctrl.o(.data)
    SCT0_R_down                              0x0200004e   Data           2  pwrctrl.o(.data)
    SCT0_G_up                                0x02000050   Data           2  pwrctrl.o(.data)
    SCT0_G_down                              0x02000052   Data           2  pwrctrl.o(.data)
    SCT0_B_up                                0x02000054   Data           2  pwrctrl.o(.data)
    SCT0_B_down                              0x02000056   Data           2  pwrctrl.o(.data)
    SCT0_Period                              0x02000058   Data           2  pwrctrl.o(.data)
    SCT1_R_duty                              0x0200005a   Data           2  pwrctrl.o(.data)
    SCT1_G_duty                              0x0200005c   Data           2  pwrctrl.o(.data)
    SCT1_B_duty                              0x0200005e   Data           2  pwrctrl.o(.data)
    SCT1_Sense_duty                          0x02000060   Data           2  pwrctrl.o(.data)
    SCT1_Cal_duty                            0x02000062   Data           2  pwrctrl.o(.data)
    .data                                    0x02000064   Section        7  measure.o(.data)
    .data                                    0x0200006c   Section       76  cdc_desc.o(.data)
    .data                                    0x020000b8   Section      544  package.o(.data)
    .data                                    0x020002d8   Section        3  instruction.o(.data)
    .data                                    0x020002dc   Section       22  ssi.o(.data)
    .bss                                     0x020002f4   Section      576  app.o(.bss)
    .bss                                     0x02000534   Section     1262  pwrctrl.o(.bss)
    .bss                                     0x02000a24   Section       20  cdc_vcom.o(.bss)
    .bss                                     0x02000a38   Section      534  package.o(.bss)
    .bss                                     0x02000c50   Section       96  libspace.o(.bss)
    HEAP                                     0x02000cb0   Section      256  keil_startup_lpc15xx.o(HEAP)
    Heap_Mem                                 0x02000cb0   Data         256  keil_startup_lpc15xx.o(HEAP)
    STACK                                    0x02000db0   Section      512  keil_startup_lpc15xx.o(STACK)
    Stack_Mem                                0x02000db0   Data         512  keil_startup_lpc15xx.o(STACK)
    __initial_sp                             0x02000fb0   Data           0  keil_startup_lpc15xx.o(STACK)

    Global Symbols

    Symbol Name                              Value     Ov Type        Size  Object(Section)

    BuildAttributes$$THM_ISAv4$P$D$K$B$S$PE$A:L22UL41UL21$X:L11$S22US41US21$IEEE1$IW$USESV6$~STKCKD$USESV7$~SHL$OSPACE$ROPI$EBA8$UX$STANDARDLIB$REQ8$PRES8$EABIv2 0x00000000   Number         0  anon$$obj.o ABSOLUTE
    __ARM_use_no_argv                        0x00000000   Number         0  app.o ABSOLUTE
    __Vectors                                0x00000000   Data           4  keil_startup_lpc15xx.o(RESET)
    __ARM_exceptions_init                     - Undefined Weak Reference
    __alloca_initialize                       - Undefined Weak Reference
    __cpp_initialize__aeabi_                  - Undefined Weak Reference
    __cxa_finalize                            - Undefined Weak Reference
    __rt_locale                               - Undefined Weak Reference
    __sigvec_lookup                           - Undefined Weak Reference
    _atexit_init                              - Undefined Weak Reference
    _call_atexit_fns                          - Undefined Weak Reference
    _clock_init                               - Undefined Weak Reference
    _fp_trap_init                             - Undefined Weak Reference
    _fp_trap_shutdown                         - Undefined Weak Reference
    _get_lc_collate                           - Undefined Weak Reference
    _get_lc_ctype                             - Undefined Weak Reference
    _get_lc_monetary                          - Undefined Weak Reference
    _get_lc_numeric                           - Undefined Weak Reference
    _get_lc_time                              - Undefined Weak Reference
    _getenv_init                              - Undefined Weak Reference
    _handle_redirection                       - Undefined Weak Reference
    _init_alloc                               - Undefined Weak Reference
    _init_user_alloc                          - Undefined Weak Reference
    _initio                                   - Undefined Weak Reference
    _rand_init                                - Undefined Weak Reference
    _signal_finish                            - Undefined Weak Reference
    _signal_init                              - Undefined Weak Reference
    _terminate_alloc                          - Undefined Weak Reference
    _terminate_user_alloc                     - Undefined Weak Reference
    _terminateio                              - Undefined Weak Reference
    __main                                   0x000000fd   Thumb Code     8  __main.o(!!!main)
    __scatterload                            0x00000105   Thumb Code     0  __scatter.o(!!!scatter)
    __scatterload_rt2                        0x00000105   Thumb Code    44  __scatter.o(!!!scatter)
    __scatterload_rt2_thumb_only             0x00000105   Thumb Code     0  __scatter.o(!!!scatter)
    __scatterload_null                       0x00000113   Thumb Code     0  __scatter.o(!!!scatter)
    __decompress                             0x00000139   Thumb Code    90  __dczerorl2.o(!!dczerorl2)
    __decompress1                            0x00000139   Thumb Code     0  __dczerorl2.o(!!dczerorl2)
    __scatterload_zeroinit                   0x00000195   Thumb Code    28  __scatter_zi.o(!!handler_zi)
    __rt_lib_init                            0x000001b1   Thumb Code     0  libinit.o(.ARM.Collect$$libinit$$00000000)
    __rt_lib_init_alloca_1                   0x000001b3   Thumb Code     0  libinit2.o(.ARM.Collect$$libinit$$0000002C)
    __rt_lib_init_argv_1                     0x000001b3   Thumb Code     0  libinit2.o(.ARM.Collect$$libinit$$0000002A)
    __rt_lib_init_atexit_1                   0x000001b3   Thumb Code     0  libinit2.o(.ARM.Collect$$libinit$$00000019)
    __rt_lib_init_clock_1                    0x000001b3   Thumb Code     0  libinit2.o(.ARM.Collect$$libinit$$0000001F)
    __rt_lib_init_cpp_1                      0x000001b3   Thumb Code     0  libinit2.o(.ARM.Collect$$libinit$$00000030)
    __rt_lib_init_exceptions_1               0x000001b3   Thumb Code     0  libinit2.o(.ARM.Collect$$libinit$$0000002E)
    __rt_lib_init_fp_1                       0x000001b3   Thumb Code     0  libinit2.o(.ARM.Collect$$libinit$$00000002)
    __rt_lib_init_fp_trap_1                  0x000001b3   Thumb Code     0  libinit2.o(.ARM.Collect$$libinit$$0000001D)
    __rt_lib_init_getenv_1                   0x000001b3   Thumb Code     0  libinit2.o(.ARM.Collect$$libinit$$00000021)
    __rt_lib_init_heap_1                     0x000001b3   Thumb Code     0  libinit2.o(.ARM.Collect$$libinit$$00000008)
    __rt_lib_init_lc_collate_1               0x000001b3   Thumb Code     0  libinit2.o(.ARM.Collect$$libinit$$0000000F)
    __rt_lib_init_lc_ctype_1                 0x000001b3   Thumb Code     0  libinit2.o(.ARM.Collect$$libinit$$00000011)
    __rt_lib_init_lc_monetary_1              0x000001b3   Thumb Code     0  libinit2.o(.ARM.Collect$$libinit$$00000013)
    __rt_lib_init_lc_numeric_1               0x000001b3   Thumb Code     0  libinit2.o(.ARM.Collect$$libinit$$00000015)
    __rt_lib_init_lc_time_1                  0x000001b3   Thumb Code     0  libinit2.o(.ARM.Collect$$libinit$$00000017)
    __rt_lib_init_rand_1                     0x000001b3   Thumb Code     0  libinit2.o(.ARM.Collect$$libinit$$0000000C)
    __rt_lib_init_return                     0x000001b3   Thumb Code     0  libinit2.o(.ARM.Collect$$libinit$$00000031)
    __rt_lib_init_signal_1                   0x000001b3   Thumb Code     0  libinit2.o(.ARM.Collect$$libinit$$0000001B)
    __rt_lib_init_stdio_1                    0x000001b3   Thumb Code     0  libinit2.o(.ARM.Collect$$libinit$$00000023)
    __rt_lib_init_user_alloc_1               0x000001b3   Thumb Code     0  libinit2.o(.ARM.Collect$$libinit$$0000000A)
    __rt_lib_shutdown                        0x000001b5   Thumb Code     0  libshutdown.o(.ARM.Collect$$libshutdown$$00000000)
    __rt_lib_shutdown_fp_trap_1              0x000001b7   Thumb Code     0  libshutdown2.o(.ARM.Collect$$libshutdown$$00000006)
    __rt_lib_shutdown_heap_1                 0x000001b7   Thumb Code     0  libshutdown2.o(.ARM.Collect$$libshutdown$$0000000E)
    __rt_lib_shutdown_return                 0x000001b7   Thumb Code     0  libshutdown2.o(.ARM.Collect$$libshutdown$$0000000F)
    __rt_lib_shutdown_signal_1               0x000001b7   Thumb Code     0  libshutdown2.o(.ARM.Collect$$libshutdown$$00000009)
    __rt_lib_shutdown_stdio_1                0x000001b7   Thumb Code     0  libshutdown2.o(.ARM.Collect$$libshutdown$$00000003)
    __rt_lib_shutdown_user_alloc_1           0x000001b7   Thumb Code     0  libshutdown2.o(.ARM.Collect$$libshutdown$$0000000B)
    __rt_entry                               0x000001b9   Thumb Code     0  rtentry.o(.ARM.Collect$$rtentry$$00000000)
    __rt_entry_presh_1                       0x000001b9   Thumb Code     0  rtentry2.o(.ARM.Collect$$rtentry$$00000002)
    __rt_entry_sh                            0x000001b9   Thumb Code     0  rtentry4.o(.ARM.Collect$$rtentry$$00000004)
    __rt_entry_li                            0x000001bf   Thumb Code     0  rtentry2.o(.ARM.Collect$$rtentry$$0000000A)
    __rt_entry_postsh_1                      0x000001bf   Thumb Code     0  rtentry2.o(.ARM.Collect$$rtentry$$00000009)
    __rt_entry_main                          0x000001c3   Thumb Code     0  rtentry2.o(.ARM.Collect$$rtentry$$0000000D)
    __rt_entry_postli_1                      0x000001c3   Thumb Code     0  rtentry2.o(.ARM.Collect$$rtentry$$0000000C)
    __rt_exit                                0x000001cb   Thumb Code     0  rtexit.o(.ARM.Collect$$rtexit$$00000000)
    __rt_exit_ls                             0x000001cd   Thumb Code     0  rtexit2.o(.ARM.Collect$$rtexit$$00000003)
    __rt_exit_prels_1                        0x000001cd   Thumb Code     0  rtexit2.o(.ARM.Collect$$rtexit$$00000002)
    __rt_exit_exit                           0x000001d1   Thumb Code     0  rtexit2.o(.ARM.Collect$$rtexit$$00000004)
    Reset_Handler                            0x000001d9   Thumb Code     8  keil_startup_lpc15xx.o(.text)
    Reserved_IRQHandler                      0x000001eb   Thumb Code     2  keil_startup_lpc15xx.o(.text)
    DAC_IRQHandler                           0x000001ed   Thumb Code     0  keil_startup_lpc15xx.o(.text)
    __user_initial_stackheap                 0x000001f1   Thumb Code     0  keil_startup_lpc15xx.o(.text)
    __aeabi_memcpy                           0x00000215   Thumb Code     0  rt_memcpy_v6.o(.text)
    __rt_memcpy                              0x00000215   Thumb Code   138  rt_memcpy_v6.o(.text)
    _memcpy_lastbytes                        0x0000027b   Thumb Code     0  rt_memcpy_v6.o(.text)
    __aeabi_memclr4                          0x0000029f   Thumb Code     0  rt_memclr_w.o(.text)
    __aeabi_memclr8                          0x0000029f   Thumb Code     0  rt_memclr_w.o(.text)
    __rt_memclr_w                            0x0000029f   Thumb Code    78  rt_memclr_w.o(.text)
    _memset_w                                0x000002a3   Thumb Code     0  rt_memclr_w.o(.text)
    __use_two_region_memory                  0x000002ed   Thumb Code     2  heapauxi.o(.text)
    __rt_heap_escrow$2region                 0x000002ef   Thumb Code     2  heapauxi.o(.text)
    __rt_heap_expand$2region                 0x000002f1   Thumb Code     2  heapauxi.o(.text)
    __user_libspace                          0x000002f5   Thumb Code     8  libspace.o(.text)
    __user_perproc_libspace                  0x000002f5   Thumb Code     0  libspace.o(.text)
    __user_perthread_libspace                0x000002f5   Thumb Code     0  libspace.o(.text)
    __aeabi_memcpy4                          0x00000301   Thumb Code     0  rt_memcpy_w.o(.text)
    __aeabi_memcpy8                          0x00000301   Thumb Code     0  rt_memcpy_w.o(.text)
    __rt_memcpy_w                            0x00000301   Thumb Code   100  rt_memcpy_w.o(.text)
    _memcpy_lastbytes_aligned                0x00000349   Thumb Code     0  rt_memcpy_w.o(.text)
    __user_setup_stackheap                   0x00000365   Thumb Code    74  sys_stackheap_outer.o(.text)
    exit                                     0x000003af   Thumb Code    12  exit.o(.text)
    _sys_exit                                0x000003bd   Thumb Code     8  sys_exit.o(.text)
    __I$use$semihosting                      0x000003c9   Thumb Code     0  use_no_semi.o(.text)
    __use_no_semihosting_swi                 0x000003c9   Thumb Code     2  use_no_semi.o(.text)
    ACMP0_IRQHandler                         0x000003cb   Thumb Code     8  interrupt.o(i.ACMP0_IRQHandler)
    __semihosting_library_function           0x000003cb   Thumb Code     0  indicate_semi.o(.text)
    ACMP0_vISR                               0x000003d3   Thumb Code    18  acmp.o(i.ACMP0_vISR)
    ACMP1_IRQHandler                         0x000003e5   Thumb Code     8  interrupt.o(i.ACMP1_IRQHandler)
    ACMP1_vISR                               0x000003ed   Thumb Code    18  acmp.o(i.ACMP1_vISR)
    ACMP2_IRQHandler                         0x000003ff   Thumb Code     8  interrupt.o(i.ACMP2_IRQHandler)
    ACMP2_vISR                               0x00000407   Thumb Code     2  acmp.o(i.ACMP2_vISR)
    ACMP3_IRQHandler                         0x00000409   Thumb Code     8  interrupt.o(i.ACMP3_IRQHandler)
    ACMP3_vISR                               0x00000411   Thumb Code     2  acmp.o(i.ACMP3_vISR)
    ADC0A_IRQHandler                         0x00000441   Thumb Code     2  interrupt.o(i.ADC0A_IRQHandler)
    ADC0B_IRQHandler                         0x00000443   Thumb Code     2  interrupt.o(i.ADC0B_IRQHandler)
    ADC0_OVR_IRQHandler                      0x00000445   Thumb Code     2  interrupt.o(i.ADC0_OVR_IRQHandler)
    ADC0_THCMP_IRQHandler                    0x00000447   Thumb Code     2  interrupt.o(i.ADC0_THCMP_IRQHandler)
    ADC1A_IRQHandler                         0x00000449   Thumb Code     8  interrupt.o(i.ADC1A_IRQHandler)
    ADC1B_IRQHandler                         0x00000451   Thumb Code     2  interrupt.o(i.ADC1B_IRQHandler)
    ADC1_OVR_IRQHandler                      0x00000453   Thumb Code     2  interrupt.o(i.ADC1_OVR_IRQHandler)
    ADC1_SeqA_vISR                           0x00000455   Thumb Code     2  adc.o(i.ADC1_SeqA_vISR)
    ADC1_THCMP_IRQHandler                    0x00000457   Thumb Code     2  interrupt.o(i.ADC1_THCMP_IRQHandler)
    BOD_IRQHandler                           0x00000459   Thumb Code     2  interrupt.o(i.BOD_IRQHandler)
    CAN_IRQHandler                           0x0000045b   Thumb Code     2  interrupt.o(i.CAN_IRQHandler)
    CRC_ubCrc8                               0x00000511   Thumb Code    50  measure.o(i.CRC_ubCrc8)
    Chip_SetupXtalClocking                   0x0000054d   Thumb Code   170  system.o(i.Chip_SetupXtalClocking)
    Chip_USB_Init                            0x00000615   Thumb Code   172  cdc_vcom.o(i.Chip_USB_Init)
    DMA_IRQHandler                           0x000006d5   Thumb Code     8  interrupt.o(i.DMA_IRQHandler)
    DMA_vISR                                 0x000006dd   Thumb Code     2  dma.o(i.DMA_vISR)
    EEPROM_IRQHandler                        0x000006df   Thumb Code     2  interrupt.o(i.EEPROM_IRQHandler)
    FMC_IRQHandler                           0x000007c1   Thumb Code     2  interrupt.o(i.FMC_IRQHandler)
    GINT0_IRQHandler                         0x000007c3   Thumb Code     2  interrupt.o(i.GINT0_IRQHandler)
    GINT1_IRQHandler                         0x000007c5   Thumb Code     2  interrupt.o(i.GINT1_IRQHandler)
    HardFault_Handler                        0x000007c7   Thumb Code     4  interrupt.o(i.HardFault_Handler)
    I2C0_IRQHandler                          0x000007cb   Thumb Code     2  interrupt.o(i.I2C0_IRQHandler)
    IAP_tCopyRamToFlash                      0x000007cd   Thumb Code    50  iap.o(i.IAP_tCopyRamToFlash)
    IAP_tErasePage                           0x00000805   Thumb Code    46  iap.o(i.IAP_tErasePage)
    IAP_tPreSectorForWrite                   0x00000839   Thumb Code    32  iap.o(i.IAP_tPreSectorForWrite)
    INTERRUPT_vInit                          0x000008e1   Thumb Code   550  interrupt.o(i.INTERRUPT_vInit)
    IO_SWM_vEnableFixedPinZ                  0x00000c5d   Thumb Code    12  io.o(i.IO_SWM_vEnableFixedPinZ)
    IO_SWM_vMovablePinAssignZ                0x00000ca1   Thumb Code    16  io.o(i.IO_SWM_vMovablePinAssignZ)
    IO_bInit                                 0x00000cb1   Thumb Code   632  io.o(i.IO_bInit)
    Instruction_vGetCmd                      0x00000f31   Thumb Code  1634  instruction.o(i.Instruction_vGetCmd)
    MEMORY_tFlashWrite                       0x000015ad   Thumb Code   244  memory.o(i.MEMORY_tFlashWrite)
    MEMORY_tInit                             0x000016a1   Thumb Code    38  memory.o(i.MEMORY_tInit)
    MEMORY_tRead                             0x000016d1   Thumb Code   244  memory.o(i.MEMORY_tRead)
    MEMORY_tRemapStatus                      0x000017d9   Thumb Code    74  memory.o(i.MEMORY_tRemapStatus)
    MEMORY_tWrite                            0x00001825   Thumb Code   210  memory.o(i.MEMORY_tWrite)
    MRT_IRQHandler                           0x00001909   Thumb Code     8  interrupt.o(i.MRT_IRQHandler)
    MRT_vISR                                 0x00001911   Thumb Code    46  timer.o(i.MRT_vISR)
    MRT_vISRz                                0x00001945   Thumb Code   182  package.o(i.MRT_vISRz)
    Measure_iLoadDLPpat1                     0x00001a15   Thumb Code   154  measure.o(i.Measure_iLoadDLPpat1)
    Measure_iLoadDLPpat2                     0x00001ac5   Thumb Code   152  measure.o(i.Measure_iLoadDLPpat2)
    Measure_iLoadDLPpat3                     0x00001b71   Thumb Code   152  measure.o(i.Measure_iLoadDLPpat3)
    Measure_iLoadKengtime                    0x00001c1d   Thumb Code   134  measure.o(i.Measure_iLoadKengtime)
    Measure_iLoadSubframe                    0x00001cb9   Thumb Code   158  measure.o(i.Measure_iLoadSubframe)
    Measure_iSetAutoPlay                     0x00001d71   Thumb Code    62  measure.o(i.Measure_iSetAutoPlay)
    Measure_iStoreDLPpat1                    0x00001dbd   Thumb Code   100  measure.o(i.Measure_iStoreDLPpat1)
    Measure_iStoreDLPpat1FullIns             0x00001e39   Thumb Code   138  measure.o(i.Measure_iStoreDLPpat1FullIns)
    Measure_iStoreDLPpat2                    0x00001ed9   Thumb Code   100  measure.o(i.Measure_iStoreDLPpat2)
    Measure_iStoreDLPpat2FullIns             0x00001f55   Thumb Code   140  measure.o(i.Measure_iStoreDLPpat2FullIns)
    Measure_iStoreDLPpat3                    0x00001ff5   Thumb Code   100  measure.o(i.Measure_iStoreDLPpat3)
    Measure_iStoreDLPpat3FullIns             0x00002071   Thumb Code   140  measure.o(i.Measure_iStoreDLPpat3FullIns)
    Measure_iStoreKengtime                   0x00002111   Thumb Code    98  measure.o(i.Measure_iStoreKengtime)
    Measure_iStoreKengtimeFullIns            0x0000218d   Thumb Code    92  measure.o(i.Measure_iStoreKengtimeFullIns)
    Measure_iStoreSubframe                   0x000021f9   Thumb Code   126  measure.o(i.Measure_iStoreSubframe)
    Measure_iStoreSubframeFullIns            0x00002291   Thumb Code   112  measure.o(i.Measure_iStoreSubframeFullIns)
    Measure_ubLoadAutoPlay                   0x00002315   Thumb Code    28  measure.o(i.Measure_ubLoadAutoPlay)
    Measure_vGetBluePacketEESetting          0x00002339   Thumb Code    50  measure.o(i.Measure_vGetBluePacketEESetting)
    Measure_vGetGapEESetting                 0x00002371   Thumb Code    44  measure.o(i.Measure_vGetGapEESetting)
    Measure_vGetGreenPacketEESetting         0x000023a1   Thumb Code    50  measure.o(i.Measure_vGetGreenPacketEESetting)
    Measure_vGetRedPacketEESetting           0x000023d9   Thumb Code    50  measure.o(i.Measure_vGetRedPacketEESetting)
    Measure_vGetSubframeEESetting            0x00002411   Thumb Code    44  measure.o(i.Measure_vGetSubframeEESetting)
    Measure_vLoadData                        0x00002441   Thumb Code   216  measure.o(i.Measure_vLoadData)
    Measure_vModeCtl                         0x00002525   Thumb Code    36  measure.o(i.Measure_vModeCtl)
    Measure_vSetBluePktEESetting             0x00002551   Thumb Code    42  measure.o(i.Measure_vSetBluePktEESetting)
    Measure_vSetGapEESetting                 0x00002585   Thumb Code    32  measure.o(i.Measure_vSetGapEESetting)
    Measure_vSetGreenPktEESetting            0x000025ad   Thumb Code    42  measure.o(i.Measure_vSetGreenPktEESetting)
    Measure_vSetRedPktEESetting              0x000025e1   Thumb Code    42  measure.o(i.Measure_vSetRedPktEESetting)
    Measure_vSetSubframeEESetting            0x00002615   Thumb Code    32  measure.o(i.Measure_vSetSubframeEESetting)
    Measure_vStoreData                       0x0000263d   Thumb Code   252  measure.o(i.Measure_vStoreData)
    NMI_Handler                              0x00002745   Thumb Code     2  interrupt.o(i.NMI_Handler)
    PININT0_vISR                             0x000027f9   Thumb Code    32  extint.o(i.PININT0_vISR)
    PININT1_vISR                             0x00002819   Thumb Code    32  extint.o(i.PININT1_vISR)
    PININT2_vISR                             0x00002839   Thumb Code    32  extint.o(i.PININT2_vISR)
    PININT3_vISR                             0x00002859   Thumb Code    32  extint.o(i.PININT3_vISR)
    PININT4_vISR                             0x00002879   Thumb Code     2  extint.o(i.PININT4_vISR)
    PIN_INT0_IRQHandler                      0x0000287b   Thumb Code     8  interrupt.o(i.PIN_INT0_IRQHandler)
    PIN_INT1_IRQHandler                      0x00002883   Thumb Code     8  interrupt.o(i.PIN_INT1_IRQHandler)
    PIN_INT2_IRQHandler                      0x0000288b   Thumb Code     8  interrupt.o(i.PIN_INT2_IRQHandler)
    PIN_INT3_IRQHandler                      0x00002893   Thumb Code     8  interrupt.o(i.PIN_INT3_IRQHandler)
    PIN_INT4_IRQHandler                      0x0000289b   Thumb Code     8  interrupt.o(i.PIN_INT4_IRQHandler)
    PIN_INT5_IRQHandler                      0x000028a3   Thumb Code     2  interrupt.o(i.PIN_INT5_IRQHandler)
    PIN_INT6_IRQHandler                      0x000028a5   Thumb Code     2  interrupt.o(i.PIN_INT6_IRQHandler)
    PIN_INT7_IRQHandler                      0x000028a7   Thumb Code     2  interrupt.o(i.PIN_INT7_IRQHandler)
    PWRCTRL_vGetColorSEQ                     0x000028a9   Thumb Code   172  pwrctrl.o(i.PWRCTRL_vGetColorSEQ)
    PWRCTRL_vInit                            0x00002975   Thumb Code    98  pwrctrl.o(i.PWRCTRL_vInit)
    Package_vGetPacketParas                  0x00002a09   Thumb Code   106  package.o(i.Package_vGetPacketParas)
    Package_vSendMessageInASubframe          0x00002a85   Thumb Code    74  package.o(i.Package_vSendMessageInASubframe)
    Package_vTransParent                     0x00002ae9   Thumb Code   328  package.o(i.Package_vTransParent)
    Packet_vSendPacket                       0x00002c3d   Thumb Code   194  package.o(i.Packet_vSendPacket)
    Packet_vSendPacket2                      0x00002d15   Thumb Code   194  package.o(i.Packet_vSendPacket2)
    Packet_vSendPacket3                      0x00002ded   Thumb Code   194  package.o(i.Packet_vSendPacket3)
    Packet_vSetGapTime                       0x00002ec5   Thumb Code    82  package.o(i.Packet_vSetGapTime)
    Packet_vSetPartPacket                    0x00002f29   Thumb Code   158  package.o(i.Packet_vSetPartPacket)
    Packet_vSetWholePacket                   0x00002fdd   Thumb Code   102  package.o(i.Packet_vSetWholePacket)
    PendSV_Handler                           0x00003055   Thumb Code     2  interrupt.o(i.PendSV_Handler)
    Pwrctrl_vGerKengTime                     0x00003059   Thumb Code    44  pwrctrl.o(i.Pwrctrl_vGerKengTime)
    Pwrctrl_vGetSubframePeriod               0x0000308d   Thumb Code    56  pwrctrl.o(i.Pwrctrl_vGetSubframePeriod)
    Pwrctrl_vReadColorSeqFromEE              0x000030cd   Thumb Code   440  pwrctrl.o(i.Pwrctrl_vReadColorSeqFromEE)
    Pwrctrl_vSetKengTime                     0x000032ad   Thumb Code    20  pwrctrl.o(i.Pwrctrl_vSetKengTime)
    Pwrctrl_vSetSubframePeriod               0x000032c9   Thumb Code    30  pwrctrl.o(i.Pwrctrl_vSetSubframePeriod)
    Pwrctrl_vStoreColorSeqToEE               0x000032f1   Thumb Code   432  pwrctrl.o(i.Pwrctrl_vStoreColorSeqToEE)
    QEI_IRQHandler                           0x000034c9   Thumb Code     2  interrupt.o(i.QEI_IRQHandler)
    RIT_IRQHandler                           0x000034cb   Thumb Code     8  interrupt.o(i.RIT_IRQHandler)
    RIT_vISR                                 0x000034d3   Thumb Code     2  timer.o(i.RIT_vISR)
    RTC_ALARM_IRQHandler                     0x000034d5   Thumb Code     2  interrupt.o(i.RTC_ALARM_IRQHandler)
    RTC_WAKE_IRQHandler                      0x000034d7   Thumb Code     2  interrupt.o(i.RTC_WAKE_IRQHandler)
    SCT0_IRQHandler                          0x000034d9   Thumb Code     8  interrupt.o(i.SCT0_IRQHandler)
    SCT0_vISR                                0x0000372d   Thumb Code     2  sct.o(i.SCT0_vISR)
    SCT0_vStart                              0x00003731   Thumb Code   264  pwrctrl.o(i.SCT0_vStart)
    SCT1_IRQHandler                          0x0000385d   Thumb Code     8  interrupt.o(i.SCT1_IRQHandler)
    SCT1_IRQHandlerzz                        0x00003865   Thumb Code   744  pwrctrl.o(i.SCT1_IRQHandlerzz)
    SCT1_vStart                              0x00003d39   Thumb Code    78  pwrctrl.o(i.SCT1_vStart)
    SCT2_IRQHandler                          0x00003d91   Thumb Code     2  interrupt.o(i.SCT2_IRQHandler)
    SCT3_IRQHandler                          0x00003d93   Thumb Code     2  interrupt.o(i.SCT3_IRQHandler)
    SCT_vInit                                0x00003d95   Thumb Code    52  sct.o(i.SCT_vInit)
    SPI0_IRQHandler                          0x00003dc9   Thumb Code     8  interrupt.o(i.SPI0_IRQHandler)
    SPI0_vISR                                0x00003dd1   Thumb Code    32  ssi.o(i.SPI0_vISR)
    SPI1_IRQHandler                          0x00003df5   Thumb Code     8  interrupt.o(i.SPI1_IRQHandler)
    SPI1_vISR                                0x00003dfd   Thumb Code     2  ssi.o(i.SPI1_vISR)
    SPI_vConfig                              0x00003e41   Thumb Code   146  ssi.o(i.SPI_vConfig)
    SPI_vInit                                0x00003efd   Thumb Code   142  ssi.o(i.SPI_vInit)
    SPI_vSendDataBlocking                    0x00003f99   Thumb Code    68  ssi.o(i.SPI_vSendDataBlocking)
    SPI_vStart                               0x00004011   Thumb Code    54  ssi.o(i.SPI_vStart)
    SPIdriverInterfaceRst                    0x0000404d   Thumb Code    62  package.o(i.SPIdriverInterfaceRst)
    SVC_Handler                              0x00004091   Thumb Code     2  interrupt.o(i.SVC_Handler)
    SYSCTL_vPeriphReset                      0x00004095   Thumb Code   156  system.o(i.SYSCTL_vPeriphReset)
    SYSTEM_vInit                             0x0000417d   Thumb Code    38  system.o(i.SYSTEM_vInit)
    SYSTICK_vISR                             0x000041a9   Thumb Code    42  timer.o(i.SYSTICK_vISR)
    StartModeSel                             0x000041d5   Thumb Code    86  app.o(i.StartModeSel)
    SysTick_Handler                          0x0000423d   Thumb Code     8  interrupt.o(i.SysTick_Handler)
    SystemInit                               0x00004245   Thumb Code    16  sysinit.o(i.SystemInit)
    TIMER_vInit                              0x00004395   Thumb Code    80  timer.o(i.TIMER_vInit)
    TIMER_vStartEx                           0x000043f1   Thumb Code    52  timer.o(i.TIMER_vStartEx)
    TIMER_vStop                              0x00004425   Thumb Code    32  timer.o(i.TIMER_vStop)
    UART0_IRQHandler                         0x00004445   Thumb Code     2  interrupt.o(i.UART0_IRQHandler)
    UART1_IRQHandler                         0x00004447   Thumb Code     2  interrupt.o(i.UART1_IRQHandler)
    UART2_IRQHandler                         0x00004449   Thumb Code     2  interrupt.o(i.UART2_IRQHandler)
    USBWakeup_IRQHandler                     0x0000444b   Thumb Code     2  interrupt.o(i.USBWakeup_IRQHandler)
    USB_FIQHandler                           0x0000444d   Thumb Code     2  interrupt.o(i.USB_FIQHandler)
    USB_IRQHandler                           0x0000444f   Thumb Code     8  interrupt.o(i.USB_IRQHandler)
    USB_IRQHandlerzz                         0x00004459   Thumb Code    18  cdc_vcom.o(i.USB_IRQHandlerzz)
    USB_getCmd                               0x00004475   Thumb Code   236  app.o(i.USB_getCmd)
    WATCHDOG_WRN_vISR                        0x00004645   Thumb Code    52  watchdog.o(i.WATCHDOG_WRN_vISR)
    WDT_IRQHandler                           0x000046c7   Thumb Code     8  interrupt.o(i.WDT_IRQHandler)
    find_IntfDesc                            0x000046cf   Thumb Code    48  cdc_vcom.o(i.find_IntfDesc)
    main                                     0x00004701   Thumb Code   194  app.o(i.main)
    usb_init                                 0x000047dd   Thumb Code   132  cdc_vcom.o(i.usb_init)
    vcom_bread                               0x0000487d   Thumb Code    86  cdc_vcom.o(i.vcom_bread)
    vcom_init                                0x000048d9   Thumb Code   172  cdc_vcom.o(i.vcom_init)
    vcom_write                               0x00004999   Thumb Code    92  cdc_vcom.o(i.vcom_write)
    USB_DeviceDescriptor                     0x00004a20   Data          18  cdc_desc.o(.constdata)
    USB_StringDescriptor                     0x00004a34   Data          56  cdc_desc.o(.constdata)
    IOPinSetup                               0x00004a74   Data         360  io.o(.constdata)
    IOPinFixedFunc                           0x00004bdc   Data         135  io.o(.constdata)
    Region$$Table$$Base                      0x00004c6c   Number         0  anon$$obj.o(Region$$Table)
    Region$$Table$$Limit                     0x00004c8c   Number         0  anon$$obj.o(Region$$Table)
    dataPieceCnt                             0x02000000   Data           4  app.o(.data)
    insLength                                0x02000004   Data           4  app.o(.data)
    insPiece                                 0x02000008   Data           4  app.o(.data)
    vcom_enable                              0x0200000c   Data           1  app.o(.data)
    modeCtl                                  0x0200000d   Data           1  app.o(.data)
    cmdRight                                 0x0200000e   Data           1  app.o(.data)
    cmdError                                 0x0200000f   Data           1  app.o(.data)
    cmdFormatError                           0x02000010   Data           1  app.o(.data)
    eeError                                  0x02000011   Data           1  app.o(.data)
    g_hUsb                                   0x02000014   Data           4  app.o(.data)
    g_pUsbApi                                0x02000018   Data           4  app.o(.data)
    kengTime                                 0x0200001c   Data           1  pwrctrl.o(.data)
    subFramePeriod                           0x0200001e   Data           2  pwrctrl.o(.data)
    i_test                                   0x02000020   Data           4  pwrctrl.o(.data)
    subTimeCounter                           0x02000024   Data           4  pwrctrl.o(.data)
    frameFlag                                0x02000028   Data           4  pwrctrl.o(.data)
    frameFlagTemp                            0x0200002c   Data           4  pwrctrl.o(.data)
    frameFlagTemp2                           0x02000030   Data           4  pwrctrl.o(.data)
    frameFlagOld                             0x02000034   Data           4  pwrctrl.o(.data)
    firstSub                                 0x02000038   Data           4  pwrctrl.o(.data)
    sensorCnt                                0x0200003c   Data           4  pwrctrl.o(.data)
    colorCutOut                              0x02000040   Data           4  pwrctrl.o(.data)
    seqLength                                0x02000044   Data           4  pwrctrl.o(.data)
    subframeOffsetNumber                     0x02000064   Data           1  measure.o(.data)
    subframePointer                          0x02000065   Data           1  measure.o(.data)
    kengTimePointer                          0x02000066   Data           1  measure.o(.data)
    redPointer                               0x02000067   Data           1  measure.o(.data)
    greenPointer                             0x02000068   Data           1  measure.o(.data)
    bluePointer                              0x02000069   Data           1  measure.o(.data)
    autoplay                                 0x0200006a   Data           1  measure.o(.data)
    USB_FsConfigDescriptor                   0x0200006c   Data          76  cdc_desc.o(.data)
    DLS_Address                              0x020000b8   Data           1  package.o(.data)
    DLS_Reseved                              0x020000b9   Data           1  package.o(.data)
    DLS_RED_Drive_Level_Value_H              0x020000ba   Data           1  package.o(.data)
    DLS_RED_Drive_Level_Value_L              0x020000bb   Data           1  package.o(.data)
    DLS_GREEN_Drive_Level_Value_H            0x020000bc   Data           1  package.o(.data)
    DLS_GREEN_Drive_Level_Value_L            0x020000bd   Data           1  package.o(.data)
    DLS_BLUE_Drive_Level_Value_H             0x020000be   Data           1  package.o(.data)
    DLS_BLUE_Drive_Level_Value_L             0x020000bf   Data           1  package.o(.data)
    DLS_Sample_1_Drive_Level_Value_H         0x020000c0   Data           1  package.o(.data)
    DLS_Sample_1_Drive_Level_Value_L         0x020000c1   Data           1  package.o(.data)
    DLS_Sample_2_Drive_Level_Value_H         0x020000c2   Data           1  package.o(.data)
    DLS_Sample_2_Drive_Level_Value_L         0x020000c3   Data           1  package.o(.data)
    DLS_YELLOW_Drive_Level_Value_H           0x020000c4   Data           1  package.o(.data)
    DLS_YELLOW_Drive_Level_Value_L           0x020000c5   Data           1  package.o(.data)
    DLS_CYAN_Drive_Level_Value_H             0x020000c6   Data           1  package.o(.data)
    DLS_CYAN_Drive_Level_Value_L             0x020000c7   Data           1  package.o(.data)
    DLS_MAGENTA_Drive_Level_Value_H          0x020000c8   Data           1  package.o(.data)
    DLS_MAGENTA_Drive_Level_Value_L          0x020000c9   Data           1  package.o(.data)
    DLS_WHITE_Drive_Level_Value_H            0x020000ca   Data           1  package.o(.data)
    DLS_WHITE_Drive_Level_Value_L            0x020000cb   Data           1  package.o(.data)
    DLS_BLACK_Drive_Level_Value_H            0x020000cc   Data           1  package.o(.data)
    DLS_BLACK_Drive_Level_Value_L            0x020000cd   Data           1  package.o(.data)
    Timing_Address                           0x020000ce   Data           1  package.o(.data)
    Timing_Enable                            0x020000cf   Data           1  package.o(.data)
    Timing_Strobe_Delay_H                    0x020000d0   Data           1  package.o(.data)
    Timing_Strobe_Delay_L                    0x020000d1   Data           1  package.o(.data)
    Timing_Strobe_Offset                     0x020000d2   Data           1  package.o(.data)
    ID_Address                               0x020000d3   Data           1  package.o(.data)
    ID_Manufacturer                          0x020000d4   Data           1  package.o(.data)
    ID_Hardware                              0x020000d5   Data           1  package.o(.data)
    ID_Frimware                              0x020000d6   Data           1  package.o(.data)
    ID_Type                                  0x020000d7   Data           1  package.o(.data)
    Status_Adress                            0x020000d8   Data           1  package.o(.data)
    Status_Summary                           0x020000d9   Data           1  package.o(.data)
    DriverCapability_Adress                  0x020000da   Data           1  package.o(.data)
    DriverCapability_Type                    0x020000db   Data           1  package.o(.data)
    DriverCapability_IRsupport               0x020000dc   Data           1  package.o(.data)
    DriverCapability_ADCsupport              0x020000dd   Data           1  package.o(.data)
    ADCvalues_Address                        0x020000de   Data           1  package.o(.data)
    ADCvalues_ADC1Value                      0x020000df   Data           1  package.o(.data)
    ADCvalues_ADC1or2Value                   0x020000e0   Data           1  package.o(.data)
    DLP_pattern1r                            0x020000e1   Data          23  package.o(.data)
    DLP_pattern2r                            0x020000f8   Data          23  package.o(.data)
    DLP_pattern3r                            0x0200010f   Data          23  package.o(.data)
    DLP_pattern1                             0x02000126   Data          23  package.o(.data)
    DLP_pattern2                             0x0200013d   Data          23  package.o(.data)
    DLP_pattern3                             0x02000154   Data          23  package.o(.data)
    sample_value                             0x0200016c   Data         254  package.o(.data)
    TIming_pattern1                          0x0200026a   Data           5  package.o(.data)
    ID_pattern1                              0x0200026f   Data           5  package.o(.data)
    firstPacketSent                          0x02000274   Data           4  package.o(.data)
    secondPacketSent                         0x02000278   Data           4  package.o(.data)
    thirdPacketSent                          0x0200027c   Data           4  package.o(.data)
    timeGap1                                 0x02000280   Data           4  package.o(.data)
    timeGap2                                 0x02000284   Data           4  package.o(.data)
    timeGap3                                 0x02000288   Data           4  package.o(.data)
    redPstep                                 0x0200028c   Data           4  package.o(.data)
    greenPstep                               0x02000290   Data           4  package.o(.data)
    bluePstep                                0x02000294   Data           4  package.o(.data)
    redSampleMax                             0x02000298   Data           2  package.o(.data)
    greenSampleMax                           0x0200029a   Data           2  package.o(.data)
    blueSampleMax                            0x0200029c   Data           2  package.o(.data)
    redSampleFlag                            0x020002a0   Data           4  package.o(.data)
    greenSampleFlag                          0x020002a4   Data           4  package.o(.data)
    blueSampleFlag                           0x020002a8   Data           4  package.o(.data)
    transParentFlag                          0x020002ac   Data           4  package.o(.data)
    transParentLength                        0x020002b0   Data           1  package.o(.data)
    transParentReady                         0x020002b4   Data           4  package.o(.data)
    redLevel1                                0x020002b8   Data           1  package.o(.data)
    redLevel2                                0x020002b9   Data           1  package.o(.data)
    greenLevel1                              0x020002ba   Data           1  package.o(.data)
    greenLevel2                              0x020002bb   Data           1  package.o(.data)
    blueLevel1                               0x020002bc   Data           1  package.o(.data)
    blueLevel2                               0x020002bd   Data           1  package.o(.data)
    sendRdy                                  0x020002c0   Data           4  package.o(.data)
    isColorPacketSendingNow                  0x020002c4   Data           1  package.o(.data)
    Timing_Packet                            0x020002c5   Data           5  package.o(.data)
    ID_Packet                                0x020002ca   Data           5  package.o(.data)
    Status_Packet                            0x020002cf   Data           2  package.o(.data)
    Driver_Capability_Packet                 0x020002d1   Data           4  package.o(.data)
    ADCvalue_Packet                          0x020002d5   Data           3  package.o(.data)
    insType                                  0x020002d8   Data           1  instruction.o(.data)
    insTypeH                                 0x020002d9   Data           1  instruction.o(.data)
    insTypeL                                 0x020002da   Data           1  instruction.o(.data)
    SPICfg0                                  0x020002dc   Data          12  ssi.o(.data)
    SPISsel                                  0x020002e8   Data           8  ssi.o(.data)
    SPIFrameSize                             0x020002f0   Data           2  ssi.o(.data)
    g_rxBuff                                 0x020002f4   Data         512  app.o(.bss)
    usb_buff                                 0x020004f4   Data          64  app.o(.bss)
    ubColorBuff                              0x02000534   Data         250  pwrctrl.o(.bss)
    ubColorTimeBuff                          0x0200062e   Data         500  pwrctrl.o(.bss)
    ubSEQbuff                                0x02000822   Data         512  pwrctrl.o(.bss)
    g_vCOM                                   0x02000a24   Data          20  cdc_vcom.o(.bss)
    transParentData                          0x02000a38   Data         512  package.o(.bss)
    Drive_Level_Setting_Packet               0x02000c38   Data          22  package.o(.bss)
    __libspace_start                         0x02000c50   Data          96  libspace.o(.bss)
    __temporary_stack_top$libspace           0x02000cb0   Data           0  libspace.o(.bss)



==============================================================================

Memory Map of the image

  Image Entry point : 0x000000fd

  Load Region LR_IROM1 (Base: 0x00000000, Size: 0x00004f80, Max: 0x00040000, ABSOLUTE, COMPRESSED[0x00004de4])

    Execution Region ER_IROM1 (Base: 0x00000000, Size: 0x00004c8c, Max: 0x00040000, ABSOLUTE)

    Base Addr    Size         Type   Attr      Idx    E Section Name        Object

    0x00000000   0x000000fc   Data   RO          235    RESET               keil_startup_lpc15xx.o
    0x000000fc   0x00000008   Code   RO         2590  * !!!main             c_w.l(__main.o)
    0x00000104   0x00000034   Code   RO         2758    !!!scatter          c_w.l(__scatter.o)
    0x00000138   0x0000005a   Code   RO         2756    !!dczerorl2         c_w.l(__dczerorl2.o)
    0x00000192   0x00000002   PAD
    0x00000194   0x0000001c   Code   RO         2760    !!handler_zi        c_w.l(__scatter_zi.o)
    0x000001b0   0x00000002   Code   RO         2629    .ARM.Collect$$libinit$$00000000  c_w.l(libinit.o)
    0x000001b2   0x00000000   Code   RO         2642    .ARM.Collect$$libinit$$00000002  c_w.l(libinit2.o)
    0x000001b2   0x00000000   Code   RO         2645    .ARM.Collect$$libinit$$00000008  c_w.l(libinit2.o)
    0x000001b2   0x00000000   Code   RO         2647    .ARM.Collect$$libinit$$0000000A  c_w.l(libinit2.o)
    0x000001b2   0x00000000   Code   RO         2649    .ARM.Collect$$libinit$$0000000C  c_w.l(libinit2.o)
    0x000001b2   0x00000000   Code   RO         2652    .ARM.Collect$$libinit$$0000000F  c_w.l(libinit2.o)
    0x000001b2   0x00000000   Code   RO         2654    .ARM.Collect$$libinit$$00000011  c_w.l(libinit2.o)
    0x000001b2   0x00000000   Code   RO         2656    .ARM.Collect$$libinit$$00000013  c_w.l(libinit2.o)
    0x000001b2   0x00000000   Code   RO         2658    .ARM.Collect$$libinit$$00000015  c_w.l(libinit2.o)
    0x000001b2   0x00000000   Code   RO         2660    .ARM.Collect$$libinit$$00000017  c_w.l(libinit2.o)
    0x000001b2   0x00000000   Code   RO         2662    .ARM.Collect$$libinit$$00000019  c_w.l(libinit2.o)
    0x000001b2   0x00000000   Code   RO         2664    .ARM.Collect$$libinit$$0000001B  c_w.l(libinit2.o)
    0x000001b2   0x00000000   Code   RO         2666    .ARM.Collect$$libinit$$0000001D  c_w.l(libinit2.o)
    0x000001b2   0x00000000   Code   RO         2668    .ARM.Collect$$libinit$$0000001F  c_w.l(libinit2.o)
    0x000001b2   0x00000000   Code   RO         2670    .ARM.Collect$$libinit$$00000021  c_w.l(libinit2.o)
    0x000001b2   0x00000000   Code   RO         2672    .ARM.Collect$$libinit$$00000023  c_w.l(libinit2.o)
    0x000001b2   0x00000000   Code   RO         2676    .ARM.Collect$$libinit$$0000002A  c_w.l(libinit2.o)
    0x000001b2   0x00000000   Code   RO         2678    .ARM.Collect$$libinit$$0000002C  c_w.l(libinit2.o)
    0x000001b2   0x00000000   Code   RO         2680    .ARM.Collect$$libinit$$0000002E  c_w.l(libinit2.o)
    0x000001b2   0x00000000   Code   RO         2682    .ARM.Collect$$libinit$$00000030  c_w.l(libinit2.o)
    0x000001b2   0x00000002   Code   RO         2683    .ARM.Collect$$libinit$$00000031  c_w.l(libinit2.o)
    0x000001b4   0x00000002   Code   RO         2714    .ARM.Collect$$libshutdown$$00000000  c_w.l(libshutdown.o)
    0x000001b6   0x00000000   Code   RO         2741    .ARM.Collect$$libshutdown$$00000003  c_w.l(libshutdown2.o)
    0x000001b6   0x00000000   Code   RO         2744    .ARM.Collect$$libshutdown$$00000006  c_w.l(libshutdown2.o)
    0x000001b6   0x00000000   Code   RO         2747    .ARM.Collect$$libshutdown$$00000009  c_w.l(libshutdown2.o)
    0x000001b6   0x00000000   Code   RO         2749    .ARM.Collect$$libshutdown$$0000000B  c_w.l(libshutdown2.o)
    0x000001b6   0x00000000   Code   RO         2752    .ARM.Collect$$libshutdown$$0000000E  c_w.l(libshutdown2.o)
    0x000001b6   0x00000002   Code   RO         2753    .ARM.Collect$$libshutdown$$0000000F  c_w.l(libshutdown2.o)
    0x000001b8   0x00000000   Code   RO         2592    .ARM.Collect$$rtentry$$00000000  c_w.l(rtentry.o)
    0x000001b8   0x00000000   Code   RO         2600    .ARM.Collect$$rtentry$$00000002  c_w.l(rtentry2.o)
    0x000001b8   0x00000006   Code   RO         2612    .ARM.Collect$$rtentry$$00000004  c_w.l(rtentry4.o)
    0x000001be   0x00000000   Code   RO         2602    .ARM.Collect$$rtentry$$00000009  c_w.l(rtentry2.o)
    0x000001be   0x00000004   Code   RO         2603    .ARM.Collect$$rtentry$$0000000A  c_w.l(rtentry2.o)
    0x000001c2   0x00000000   Code   RO         2605    .ARM.Collect$$rtentry$$0000000C  c_w.l(rtentry2.o)
    0x000001c2   0x00000008   Code   RO         2606    .ARM.Collect$$rtentry$$0000000D  c_w.l(rtentry2.o)
    0x000001ca   0x00000002   Code   RO         2633    .ARM.Collect$$rtexit$$00000000  c_w.l(rtexit.o)
    0x000001cc   0x00000000   Code   RO         2687    .ARM.Collect$$rtexit$$00000002  c_w.l(rtexit2.o)
    0x000001cc   0x00000004   Code   RO         2688    .ARM.Collect$$rtexit$$00000003  c_w.l(rtexit2.o)
    0x000001d0   0x00000006   Code   RO         2689    .ARM.Collect$$rtexit$$00000004  c_w.l(rtexit2.o)
    0x000001d6   0x00000002   PAD
    0x000001d8   0x0000003c   Code   RO          237    .text               keil_startup_lpc15xx.o
    0x00000214   0x0000008a   Code   RO         2584    .text               c_w.l(rt_memcpy_v6.o)
    0x0000029e   0x0000004e   Code   RO         2586    .text               c_w.l(rt_memclr_w.o)
    0x000002ec   0x00000006   Code   RO         2588    .text               c_w.l(heapauxi.o)
    0x000002f2   0x00000002   PAD
    0x000002f4   0x00000008   Code   RO         2630    .text               c_w.l(libspace.o)
    0x000002fc   0x00000004   Code   RO          236    .ARM.__at_0x02FC    keil_startup_lpc15xx.o
    0x00000300   0x00000064   Code   RO         2597    .text               c_w.l(rt_memcpy_w.o)
    0x00000364   0x0000004a   Code   RO         2616    .text               c_w.l(sys_stackheap_outer.o)
    0x000003ae   0x0000000c   Code   RO         2618    .text               c_w.l(exit.o)
    0x000003ba   0x00000002   PAD
    0x000003bc   0x0000000c   Code   RO         2684    .text               c_w.l(sys_exit.o)
    0x000003c8   0x00000002   Code   RO         2703    .text               c_w.l(use_no_semi.o)
    0x000003ca   0x00000000   Code   RO         2705    .text               c_w.l(indicate_semi.o)
    0x000003ca   0x00000008   Code   RO         1619    i.ACMP0_IRQHandler  interrupt.o
    0x000003d2   0x00000012   Code   RO         1147    i.ACMP0_vISR        acmp.o
    0x000003e4   0x00000008   Code   RO         1620    i.ACMP1_IRQHandler  interrupt.o
    0x000003ec   0x00000012   Code   RO         1148    i.ACMP1_vISR        acmp.o
    0x000003fe   0x00000008   Code   RO         1621    i.ACMP2_IRQHandler  interrupt.o
    0x00000406   0x00000002   Code   RO         1149    i.ACMP2_vISR        acmp.o
    0x00000408   0x00000008   Code   RO         1622    i.ACMP3_IRQHandler  interrupt.o
    0x00000410   0x00000002   Code   RO         1150    i.ACMP3_vISR        acmp.o
    0x00000412   0x00000002   PAD
    0x00000414   0x00000014   Code   RO         1151    i.ACMP_bGetIntStatus  acmp.o
    0x00000428   0x00000018   Code   RO         1154    i.ACMP_vClearIntStatus  acmp.o
    0x00000440   0x00000002   Code   RO         1623    i.ADC0A_IRQHandler  interrupt.o
    0x00000442   0x00000002   Code   RO         1624    i.ADC0B_IRQHandler  interrupt.o
    0x00000444   0x00000002   Code   RO         1625    i.ADC0_OVR_IRQHandler  interrupt.o
    0x00000446   0x00000002   Code   RO         1626    i.ADC0_THCMP_IRQHandler  interrupt.o
    0x00000448   0x00000008   Code   RO         1627    i.ADC1A_IRQHandler  interrupt.o
    0x00000450   0x00000002   Code   RO         1628    i.ADC1B_IRQHandler  interrupt.o
    0x00000452   0x00000002   Code   RO         1629    i.ADC1_OVR_IRQHandler  interrupt.o
    0x00000454   0x00000002   Code   RO         1276    i.ADC1_SeqA_vISR    adc.o
    0x00000456   0x00000002   Code   RO         1630    i.ADC1_THCMP_IRQHandler  interrupt.o
    0x00000458   0x00000002   Code   RO         1631    i.BOD_IRQHandler    interrupt.o
    0x0000045a   0x00000002   Code   RO         1633    i.CAN_IRQHandler    interrupt.o
    0x0000045c   0x00000054   Code   RO         1992    i.CLOCK_vEnablePeriphClock  io.o
    0x000004b0   0x00000054   Code   RO         2152    i.CLOCK_vEnablePeriphClock  sct.o
    0x00000504   0x0000000c   Code   RO         2314    i.CLOCK_vSetMainBClockSource  system.o
    0x00000510   0x0000003c   Code   RO          498    i.CRC_ubCrc8        measure.o
    0x0000054c   0x000000c8   Code   RO         2316    i.Chip_SetupXtalClocking  system.o
    0x00000614   0x000000c0   Code   RO          743    i.Chip_USB_Init     cdc_vcom.o
    0x000006d4   0x00000008   Code   RO         1635    i.DMA_IRQHandler    interrupt.o
    0x000006dc   0x00000002   Code   RO         1374    i.DMA_vISR          dma.o
    0x000006de   0x00000002   Code   RO         1636    i.EEPROM_IRQHandler  interrupt.o
    0x000006e0   0x00000088   Code   RO         2063    i.EEPROM_vInit      memory.o
    0x00000768   0x0000001c   Code   RO         1403    i.EXTINT_bGetFallState  extint.o
    0x00000784   0x0000001c   Code   RO         1404    i.EXTINT_bGetRiseState  extint.o
    0x000007a0   0x00000010   Code   RO         1405    i.EXTINT_vClearFallState  extint.o
    0x000007b0   0x00000010   Code   RO         1406    i.EXTINT_vClearRiseState  extint.o
    0x000007c0   0x00000002   Code   RO         1637    i.FMC_IRQHandler    interrupt.o
    0x000007c2   0x00000002   Code   RO         1638    i.GINT0_IRQHandler  interrupt.o
    0x000007c4   0x00000002   Code   RO         1639    i.GINT1_IRQHandler  interrupt.o
    0x000007c6   0x00000004   Code   RO         1640    i.HardFault_Handler  interrupt.o
    0x000007ca   0x00000002   Code   RO         1641    i.I2C0_IRQHandler   interrupt.o
    0x000007cc   0x00000038   Code   RO         1522    i.IAP_tCopyRamToFlash  iap.o
    0x00000804   0x00000034   Code   RO         1523    i.IAP_tErasePage    iap.o
    0x00000838   0x00000020   Code   RO         1525    i.IAP_tPreSectorForWrite  iap.o
    0x00000858   0x00000044   Code   RO         1527    i.IAP_vEntry        iap.o
    0x0000089c   0x00000044   Code   RO         2064    i.IAP_vEntry        memory.o
    0x000008e0   0x00000238   Code   RO         1642    i.INTERRUPT_vInit   interrupt.o
    0x00000b18   0x0000002c   Code   RO         1993    i.IO_DIOCON_vConfig  io.o
    0x00000b44   0x00000028   Code   RO          882    i.IO_GPIO_teGet     package.o
    0x00000b6c   0x00000098   Code   RO         1994    i.IO_GPIO_vSetDir   io.o
    0x00000c04   0x0000000c   Code   RO          883    i.IO_GPIO_vSetPortMaskedState  package.o
    0x00000c10   0x0000002c   Code   RO         1995    i.IO_SWM_vDisableFixedPin  io.o
    0x00000c3c   0x00000020   Code   RO         1996    i.IO_SWM_vEnableFixedPin  io.o
    0x00000c5c   0x0000000c   Code   RO         1997    i.IO_SWM_vEnableFixedPinZ  io.o
    0x00000c68   0x00000038   Code   RO         1998    i.IO_SWM_vMovablePinAssign  io.o
    0x00000ca0   0x00000010   Code   RO         1999    i.IO_SWM_vMovablePinAssignZ  io.o
    0x00000cb0   0x00000280   Code   RO         2000    i.IO_bInit          io.o
    0x00000f30   0x0000067c   Code   RO         1123    i.Instruction_vGetCmd  instruction.o
    0x000015ac   0x000000f4   Code   RO         2067    i.MEMORY_tFlashWrite  memory.o
    0x000016a0   0x00000030   Code   RO         2068    i.MEMORY_tInit      memory.o
    0x000016d0   0x00000108   Code   RO         2069    i.MEMORY_tRead      memory.o
    0x000017d8   0x0000004a   Code   RO         2071    i.MEMORY_tRemapStatus  memory.o
    0x00001822   0x00000002   PAD
    0x00001824   0x000000e4   Code   RO         2072    i.MEMORY_tWrite     memory.o
    0x00001908   0x00000008   Code   RO         1643    i.MRT_IRQHandler    interrupt.o
    0x00001910   0x00000034   Code   RO         2498    i.MRT_vISR          timer.o
    0x00001944   0x000000d0   Code   RO          884    i.MRT_vISRz         package.o
    0x00001a14   0x000000b0   Code   RO          499    i.Measure_iLoadDLPpat1  measure.o
    0x00001ac4   0x000000ac   Code   RO          500    i.Measure_iLoadDLPpat2  measure.o
    0x00001b70   0x000000ac   Code   RO          501    i.Measure_iLoadDLPpat3  measure.o
    0x00001c1c   0x0000009c   Code   RO          502    i.Measure_iLoadKengtime  measure.o
    0x00001cb8   0x000000b8   Code   RO          503    i.Measure_iLoadSubframe  measure.o
    0x00001d70   0x0000004c   Code   RO          504    i.Measure_iSetAutoPlay  measure.o
    0x00001dbc   0x0000007c   Code   RO          505    i.Measure_iStoreDLPpat1  measure.o
    0x00001e38   0x000000a0   Code   RO          506    i.Measure_iStoreDLPpat1FullIns  measure.o
    0x00001ed8   0x0000007c   Code   RO          507    i.Measure_iStoreDLPpat2  measure.o
    0x00001f54   0x000000a0   Code   RO          508    i.Measure_iStoreDLPpat2FullIns  measure.o
    0x00001ff4   0x0000007c   Code   RO          509    i.Measure_iStoreDLPpat3  measure.o
    0x00002070   0x000000a0   Code   RO          510    i.Measure_iStoreDLPpat3FullIns  measure.o
    0x00002110   0x0000007c   Code   RO          511    i.Measure_iStoreKengtime  measure.o
    0x0000218c   0x0000006c   Code   RO          512    i.Measure_iStoreKengtimeFullIns  measure.o
    0x000021f8   0x00000098   Code   RO          513    i.Measure_iStoreSubframe  measure.o
    0x00002290   0x00000084   Code   RO          514    i.Measure_iStoreSubframeFullIns  measure.o
    0x00002314   0x00000024   Code   RO          515    i.Measure_ubLoadAutoPlay  measure.o
    0x00002338   0x00000038   Code   RO          516    i.Measure_vGetBluePacketEESetting  measure.o
    0x00002370   0x00000030   Code   RO          517    i.Measure_vGetGapEESetting  measure.o
    0x000023a0   0x00000038   Code   RO          518    i.Measure_vGetGreenPacketEESetting  measure.o
    0x000023d8   0x00000038   Code   RO          519    i.Measure_vGetRedPacketEESetting  measure.o
    0x00002410   0x00000030   Code   RO          520    i.Measure_vGetSubframeEESetting  measure.o
    0x00002440   0x000000e4   Code   RO          521    i.Measure_vLoadData  measure.o
    0x00002524   0x0000002c   Code   RO          523    i.Measure_vModeCtl  measure.o
    0x00002550   0x00000034   Code   RO          524    i.Measure_vSetBluePktEESetting  measure.o
    0x00002584   0x00000028   Code   RO          525    i.Measure_vSetGapEESetting  measure.o
    0x000025ac   0x00000034   Code   RO          526    i.Measure_vSetGreenPktEESetting  measure.o
    0x000025e0   0x00000034   Code   RO          527    i.Measure_vSetRedPktEESetting  measure.o
    0x00002614   0x00000028   Code   RO          528    i.Measure_vSetSubframeEESetting  measure.o
    0x0000263c   0x00000108   Code   RO          529    i.Measure_vStoreData  measure.o
    0x00002744   0x00000002   Code   RO         1645    i.NMI_Handler       interrupt.o
    0x00002746   0x00000002   PAD
    0x00002748   0x00000018   Code   RO          292    i.NVIC_DisableIRQ   pwrctrl.o
    0x00002760   0x00000018   Code   RO          744    i.NVIC_DisableIRQ   cdc_vcom.o
    0x00002778   0x00000018   Code   RO          745    i.NVIC_EnableIRQ    cdc_vcom.o
    0x00002790   0x00000040   Code   RO         1646    i.NVIC_EncodePriority  interrupt.o
    0x000027d0   0x00000028   Code   RO         1647    i.NVIC_SetPriority  interrupt.o
    0x000027f8   0x00000020   Code   RO         1412    i.PININT0_vISR      extint.o
    0x00002818   0x00000020   Code   RO         1413    i.PININT1_vISR      extint.o
    0x00002838   0x00000020   Code   RO         1414    i.PININT2_vISR      extint.o
    0x00002858   0x00000020   Code   RO         1415    i.PININT3_vISR      extint.o
    0x00002878   0x00000002   Code   RO         1416    i.PININT4_vISR      extint.o
    0x0000287a   0x00000008   Code   RO         1648    i.PIN_INT0_IRQHandler  interrupt.o
    0x00002882   0x00000008   Code   RO         1649    i.PIN_INT1_IRQHandler  interrupt.o
    0x0000288a   0x00000008   Code   RO         1650    i.PIN_INT2_IRQHandler  interrupt.o
    0x00002892   0x00000008   Code   RO         1651    i.PIN_INT3_IRQHandler  interrupt.o
    0x0000289a   0x00000008   Code   RO         1652    i.PIN_INT4_IRQHandler  interrupt.o
    0x000028a2   0x00000002   Code   RO         1653    i.PIN_INT5_IRQHandler  interrupt.o
    0x000028a4   0x00000002   Code   RO         1654    i.PIN_INT6_IRQHandler  interrupt.o
    0x000028a6   0x00000002   Code   RO         1655    i.PIN_INT7_IRQHandler  interrupt.o
    0x000028a8   0x000000cc   Code   RO          295    i.PWRCTRL_vGetColorSEQ  pwrctrl.o
    0x00002974   0x00000094   Code   RO          296    i.PWRCTRL_vInit     pwrctrl.o
    0x00002a08   0x0000007c   Code   RO          885    i.Package_vGetPacketParas  package.o
    0x00002a84   0x00000064   Code   RO          886    i.Package_vSendMessageInASubframe  package.o
    0x00002ae8   0x00000154   Code   RO          887    i.Package_vTransParent  package.o
    0x00002c3c   0x000000d8   Code   RO          894    i.Packet_vSendPacket  package.o
    0x00002d14   0x000000d8   Code   RO          895    i.Packet_vSendPacket2  package.o
    0x00002dec   0x000000d8   Code   RO          896    i.Packet_vSendPacket3  package.o
    0x00002ec4   0x00000064   Code   RO          897    i.Packet_vSetGapTime  package.o
    0x00002f28   0x000000b4   Code   RO          898    i.Packet_vSetPartPacket  package.o
    0x00002fdc   0x00000078   Code   RO          899    i.Packet_vSetWholePacket  package.o
    0x00003054   0x00000002   Code   RO         1656    i.PendSV_Handler    interrupt.o
    0x00003056   0x00000002   PAD
    0x00003058   0x00000034   Code   RO          307    i.Pwrctrl_vGerKengTime  pwrctrl.o
    0x0000308c   0x00000040   Code   RO          308    i.Pwrctrl_vGetSubframePeriod  pwrctrl.o
    0x000030cc   0x000001e0   Code   RO          309    i.Pwrctrl_vReadColorSeqFromEE  pwrctrl.o
    0x000032ac   0x0000001c   Code   RO          310    i.Pwrctrl_vSetKengTime  pwrctrl.o
    0x000032c8   0x00000028   Code   RO          311    i.Pwrctrl_vSetSubframePeriod  pwrctrl.o
    0x000032f0   0x000001d8   Code   RO          312    i.Pwrctrl_vStoreColorSeqToEE  pwrctrl.o
    0x000034c8   0x00000002   Code   RO         1657    i.QEI_IRQHandler    interrupt.o
    0x000034ca   0x00000008   Code   RO         1658    i.RIT_IRQHandler    interrupt.o
    0x000034d2   0x00000002   Code   RO         2499    i.RIT_vISR          timer.o
    0x000034d4   0x00000002   Code   RO         1659    i.RTC_ALARM_IRQHandler  interrupt.o
    0x000034d6   0x00000002   Code   RO         1660    i.RTC_WAKE_IRQHandler  interrupt.o
    0x000034d8   0x00000008   Code   RO         1661    i.SCT0_IRQHandler   interrupt.o
    0x000034e0   0x0000024c   Code   RO          313    i.SCT0_Init         pwrctrl.o
    0x0000372c   0x00000002   Code   RO         2153    i.SCT0_vISR         sct.o
    0x0000372e   0x00000002   PAD
    0x00003730   0x0000012c   Code   RO          314    i.SCT0_vStart       pwrctrl.o
    0x0000385c   0x00000008   Code   RO         1662    i.SCT1_IRQHandler   interrupt.o
    0x00003864   0x00000348   Code   RO          316    i.SCT1_IRQHandlerzz  pwrctrl.o
    0x00003bac   0x0000018c   Code   RO          317    i.SCT1_Init         pwrctrl.o
    0x00003d38   0x00000058   Code   RO          318    i.SCT1_vStart       pwrctrl.o
    0x00003d90   0x00000002   Code   RO         1663    i.SCT2_IRQHandler   interrupt.o
    0x00003d92   0x00000002   Code   RO         1664    i.SCT3_IRQHandler   interrupt.o
    0x00003d94   0x00000034   Code   RO         2158    i.SCT_vInit         sct.o
    0x00003dc8   0x00000008   Code   RO         1665    i.SPI0_IRQHandler   interrupt.o
    0x00003dd0   0x00000024   Code   RO         2215    i.SPI0_vISR         ssi.o
    0x00003df4   0x00000008   Code   RO         1666    i.SPI1_IRQHandler   interrupt.o
    0x00003dfc   0x00000002   Code   RO         2216    i.SPI1_vISR         ssi.o
    0x00003dfe   0x00000002   PAD
    0x00003e00   0x0000001c   Code   RO          900    i.SPI_bGetStatus    package.o
    0x00003e1c   0x00000010   Code   RO         2217    i.SPI_nGetStatus    ssi.o
    0x00003e2c   0x00000014   Code   RO          901    i.SPI_nReceiveData  package.o
    0x00003e40   0x000000a0   Code   RO         2218    i.SPI_vConfig       ssi.o
    0x00003ee0   0x0000001c   Code   RO         2219    i.SPI_vDisable      ssi.o
    0x00003efc   0x0000009c   Code   RO         2220    i.SPI_vInit         ssi.o
    0x00003f98   0x00000050   Code   RO         2223    i.SPI_vSendDataBlocking  ssi.o
    0x00003fe8   0x00000028   Code   RO         2224    i.SPI_vSendFrame    ssi.o
    0x00004010   0x0000003c   Code   RO         2226    i.SPI_vStart        ssi.o
    0x0000404c   0x00000044   Code   RO          902    i.SPIdriverInterfaceRst  package.o
    0x00004090   0x00000002   Code   RO         1667    i.SVC_Handler       interrupt.o
    0x00004092   0x00000002   PAD
    0x00004094   0x000000a0   Code   RO         2317    i.SYSCTL_vPeriphReset  system.o
    0x00004134   0x00000024   Code   RO          746    i.SYSCTL_vPowerUp   cdc_vcom.o
    0x00004158   0x00000024   Code   RO         2318    i.SYSCTL_vPowerUp   system.o
    0x0000417c   0x0000002c   Code   RO         2321    i.SYSTEM_vInit      system.o
    0x000041a8   0x0000002a   Code   RO         2500    i.SYSTICK_vISR      timer.o
    0x000041d2   0x00000002   PAD
    0x000041d4   0x00000068   Code   RO            4    i.StartModeSel      app.o
    0x0000423c   0x00000008   Code   RO         1668    i.SysTick_Handler   interrupt.o
    0x00004244   0x00000010   Code   RO          208    i.SystemInit        sysinit.o
    0x00004254   0x00000010   Code   RO         2501    i.TIMER_MRT_vClearChIntStatus  timer.o
    0x00004264   0x000000ac   Code   RO         2502    i.TIMER_MRT_vInit   timer.o
    0x00004310   0x00000020   Code   RO         2503    i.TIMER_MRT_vIntDisable  timer.o
    0x00004330   0x00000024   Code   RO         2504    i.TIMER_MRT_vSetInterval  timer.o
    0x00004354   0x00000040   Code   RO         2505    i.TIMER_MRT_vStart  timer.o
    0x00004394   0x0000005c   Code   RO         2506    i.TIMER_vInit       timer.o
    0x000043f0   0x00000034   Code   RO         2508    i.TIMER_vStartEx    timer.o
    0x00004424   0x00000020   Code   RO         2509    i.TIMER_vStop       timer.o
    0x00004444   0x00000002   Code   RO         1669    i.UART0_IRQHandler  interrupt.o
    0x00004446   0x00000002   Code   RO         1670    i.UART1_IRQHandler  interrupt.o
    0x00004448   0x00000002   Code   RO         1671    i.UART2_IRQHandler  interrupt.o
    0x0000444a   0x00000002   Code   RO         1672    i.USBWakeup_IRQHandler  interrupt.o
    0x0000444c   0x00000002   Code   RO         1673    i.USB_FIQHandler    interrupt.o
    0x0000444e   0x00000008   Code   RO         1674    i.USB_IRQHandler    interrupt.o
    0x00004456   0x00000002   PAD
    0x00004458   0x0000001c   Code   RO          747    i.USB_IRQHandlerzz  cdc_vcom.o
    0x00004474   0x0000010c   Code   RO            5    i.USB_getCmd        app.o
    0x00004580   0x00000014   Code   RO          748    i.VCOM_SetLineCode  cdc_vcom.o
    0x00004594   0x00000016   Code   RO          749    i.VCOM_bulk_in_hdlr  cdc_vcom.o
    0x000045aa   0x00000002   PAD
    0x000045ac   0x00000098   Code   RO          750    i.VCOM_bulk_out_hdlr  cdc_vcom.o
    0x00004644   0x00000034   Code   RO         2445    i.WATCHDOG_WRN_vISR  watchdog.o
    0x00004678   0x0000001c   Code   RO         2446    i.WATCHDOG_bGetOption  watchdog.o
    0x00004694   0x00000014   Code   RO         2447    i.WATCHDOG_vClearOption  watchdog.o
    0x000046a8   0x0000001e   Code   RO         2448    i.WATCHDOG_vClearStatus  watchdog.o
    0x000046c6   0x00000008   Code   RO         1676    i.WDT_IRQHandler    interrupt.o
    0x000046ce   0x00000030   Code   RO          751    i.find_IntfDesc     cdc_vcom.o
    0x000046fe   0x00000002   PAD
    0x00004700   0x000000dc   Code   RO            6    i.main              app.o
    0x000047dc   0x000000a0   Code   RO          752    i.usb_init          cdc_vcom.o
    0x0000487c   0x0000005c   Code   RO          753    i.vcom_bread        cdc_vcom.o
    0x000048d8   0x000000c0   Code   RO          754    i.vcom_init         cdc_vcom.o
    0x00004998   0x00000064   Code   RO          757    i.vcom_write        cdc_vcom.o
    0x000049fc   0x00000022   Data   RO          531    .constdata          measure.o
    0x00004a1e   0x00000002   PAD
    0x00004a20   0x0000004c   Data   RO          721    .constdata          cdc_desc.o
    0x00004a6c   0x00000008   Data   RO          904    .constdata          package.o
    0x00004a74   0x000001ef   Data   RO         2001    .constdata          io.o
    0x00004c63   0x00000001   PAD
    0x00004c64   0x00000008   Data   RO         2228    .constdata          ssi.o
    0x00004c6c   0x00000020   Data   RO         2754    Region$$Table       anon$$obj.o


    Execution Region RW_IRAM1 (Base: 0x02000000, Size: 0x00000fb0, Max: 0x00009000, ABSOLUTE, COMPRESSED[0x00000158])

    Base Addr    Size         Type   Attr      Idx    E Section Name        Object

    0x02000000   0x0000001c   Data   RW            9    .data               app.o
    0x0200001c   0x00000048   Data   RW          322    .data               pwrctrl.o
    0x02000064   0x00000007   Data   RW          532    .data               measure.o
    0x0200006b   0x00000001   PAD
    0x0200006c   0x0000004c   Data   RW          722    .data               cdc_desc.o
    0x020000b8   0x00000220   Data   RW          905    .data               package.o
    0x020002d8   0x00000003   Data   RW         1124    .data               instruction.o
    0x020002db   0x00000001   PAD
    0x020002dc   0x00000016   Data   RW         2229    .data               ssi.o
    0x020002f2   0x00000002   PAD
    0x020002f4   0x00000240   Zero   RW            7    .bss                app.o
    0x02000534   0x000004ee   Zero   RW          320    .bss                pwrctrl.o
    0x02000a22   0x00000002   PAD
    0x02000a24   0x00000014   Zero   RW          758    .bss                cdc_vcom.o
    0x02000a38   0x00000216   Zero   RW          903    .bss                package.o
    0x02000c4e   0x00000002   PAD
    0x02000c50   0x00000060   Zero   RW         2631    .bss                c_w.l(libspace.o)
    0x02000cb0   0x00000100   Zero   RW          234    HEAP                keil_startup_lpc15xx.o
    0x02000db0   0x00000200   Zero   RW          233    STACK               keil_startup_lpc15xx.o


==============================================================================

Image component sizes


      Code (inc. data)   RO Data    RW Data    ZI Data      Debug   Object Name

        84         12          0          0          0       7448   acmp.o
         2          0          0          0          0        437   adc.o
       592         76          0         28        576      84757   app.o
         0          0         76         76          0        687   cdc_desc.o
      1090        122          0          0         20      23350   cdc_vcom.o
         2          0          0          0          0        423   dma.o
       218         20          0          0          0       5399   extint.o
       208         24          0          0          0      18136   iap.o
      1660         98          0          3          0       1798   instruction.o
       896         26          0          0          0      50287   interrupt.o
      1080         34        495          0          0      22897   io.o
        64         32        252          0        768        976   keil_startup_lpc15xx.o
      3436        468         34          7          0      23772   measure.o
      1062         94          0          0          0      21233   memory.o
      1988        228          8        544        534      27334   package.o
      3724        486          0         72       1262      42176   pwrctrl.o
       138          4          0          0          0       1392   sct.o
       578         66          8         22          0      24150   ssi.o
        16          0          0          0          0        501   sysinit.o
       452         60          0          0          0      15398   system.o
       592         48          0          0          0      18510   timer.o
       130         10          0          0          0       2792   watchdog.o

    ----------------------------------------------------------------------
     18034       1908        908        756       3164     393853   Object Totals
         0          0         32          0          0          0   (incl. Generated)
        22          0          3          4          4          0   (incl. Padding)

    ----------------------------------------------------------------------

      Code (inc. data)   RO Data    RW Data    ZI Data      Debug   Library Member Name

        90          0          0          0          0          0   __dczerorl2.o
         8          0          0          0          0         68   __main.o
        52          8          0          0          0          0   __scatter.o
        28          0          0          0          0          0   __scatter_zi.o
        12          0          0          0          0         72   exit.o
         6          0          0          0          0        152   heapauxi.o
         0          0          0          0          0          0   indicate_semi.o
         2          0          0          0          0          0   libinit.o
         2          0          0          0          0          0   libinit2.o
         2          0          0          0          0          0   libshutdown.o
         2          0          0          0          0          0   libshutdown2.o
         8          4          0          0         96         68   libspace.o
        78          0          0          0          0         80   rt_memclr_w.o
       138          0          0          0          0         68   rt_memcpy_v6.o
       100          0          0          0          0         80   rt_memcpy_w.o
         0          0          0          0          0          0   rtentry.o
        12          0          0          0          0          0   rtentry2.o
         6          0          0          0          0          0   rtentry4.o
         2          0          0          0          0          0   rtexit.o
        10          0          0          0          0          0   rtexit2.o
        12          4          0          0          0         68   sys_exit.o
        74          0          0          0          0         80   sys_stackheap_outer.o
         2          0          0          0          0         68   use_no_semi.o

    ----------------------------------------------------------------------
       654         16          0          0         96        804   Library Totals
         8          0          0          0          0          0   (incl. Padding)

    ----------------------------------------------------------------------

      Code (inc. data)   RO Data    RW Data    ZI Data      Debug   Library Name

       646         16          0          0         96        804   c_w.l

    ----------------------------------------------------------------------
       654         16          0          0         96        804   Library Totals

    ----------------------------------------------------------------------

==============================================================================


      Code (inc. data)   RO Data    RW Data    ZI Data      Debug   

     18688       1924        908        756       3260     383893   Grand Totals
     18688       1924        908        344       3260     383893   ELF Image Totals (compressed)
     18688       1924        908        344          0          0   ROM Totals

==============================================================================

    Total RO  Size (Code + RO Data)                19596 (  19.14kB)
    Total RW  Size (RW Data + ZI Data)              4016 (   3.92kB)
    Total ROM Size (Code + RO Data + RW Data)      19940 (  19.47kB)

==============================================================================

